Microchip MPLAB XC8 Compiler V2.46

Linker command line:

-W-3 \
  --edf=C:\Program Files\Microchip\xc8\v2.46\pic\dat\20240104201356_en.msgs \
  -pivt0x8=08h -cn -h+dist/default/debug\SDTest.X.debug.sym \
  --cmf=dist/default/debug\SDTest.X.debug.cmf -z -Q18F26K83 \
  -oC:\Users\darea\AppData\Local\Temp\xcAsq5s.\driver_tmp_3.o \
  --defsym=__MPLAB_BUILD=1 --fixupoverflow=error \
  -Mdist/default/debug/SDTest.X.debug.map \
  --md=C:\Users\darea\AppData\Local\Temp\xcAsq5s.\driver_tmp_0.dat -E1 \
  -ver=XC8 Compiler --acfsm=1493 -ACODE=00h-0FFFFh -ACONST=00h-0FFFFh \
  -ASMALLCONST=01000h-010FFhx240 -AMEDIUMCONST=01000h-0FFFFh \
  -ACOMRAM=01h-05Fh -AABS1=00h-0FFFh -ABIGRAM=01h-0FFFh \
  -ARAM=060h-0FFh,0100h-01FFhx15 -ABANK0=060h-0FFh -ABANK1=0100h-01FFh \
  -ABANK2=0200h-02FFh -ABANK3=0300h-03FFh -ABANK4=0400h-04FFh \
  -ABANK5=0500h-05FFh -ABANK6=0600h-06FFh -ABANK7=0700h-07FFh \
  -ABANK8=0800h-08FFh -ABANK9=0900h-09FFh -ABANK10=0A00h-0AFFh \
  -ABANK11=0B00h-0BFFh -ABANK12=0C00h-0CFFh -ABANK13=0D00h-0DFFh \
  -ABANK14=0E00h-0EFFh -ABANK15=0F00h-0FFFh \
  -ASFR=03700h-037FFhx8,03F00h-03F5Fh,03F60h-03FFFh -ABIGSFR=03700h-03FFFh \
  -ACONFIG=0300000h-0300009h -AIDLOC=0200000h-020000Fh \
  -AEEDATA=0310000h-03103FFh -peeprom_data=EEDATA -preset_vec=00h \
  -ppowerup=CODE,init -pramtop=01000h -psmallconst=SMALLCONST \
  -pmediumconst=MEDIUMCONST -pconst=CONST -AFARRAM=00h-00h \
  -prdata=COMRAM,nvrram=COMRAM,nvbit=COMRAM,rbss=COMRAM,rbit=COMRAM \
  -pfarbss=FARRAM,fardata=FARRAM,nvFARRAM=FARRAM \
  -pintsave_regs=BIGRAM,bigbss=BIGRAM,bigdata=BIGRAM -pbss=RAM \
  -pidata=CODE,irdata=CODE,ibigdata=CODE,ifardata=CODE -prparam=COMRAM \
  C:\Users\darea\AppData\Local\Temp\xcAsq5s.\driver_tmp_14.o \
  dist/default/debug\SDTest.X.debug.o 

Object code version is 3.11

Machine type is 18F26K83



                Name                               Link     Load   Length Selector   Space Scale
C:\Users\darea\AppData\Local\Temp\xcAsq5s.\driver_tmp_14.o
                config                           300000   300000        A        0       4
                init                                 1A       1A        4        4       0
                reset_vec                             0        0        6        0       0
dist/default/debug\SDTest.X.debug.o
                config                           300000   300000        A        0       4
                mediumconst                        FEC4     FEC4      13C     7F62       0
                ivt0x8                                8        8       12        4       0
                text113                            91DE     91DE        4     48D2       0
                text112                            91DA     91DA        4     48D2       0
                text111                            91D6     91D6        4     48D2       0
                text110                            91D2     91D2        4     48D2       0
                text109                            91CE     91CE        4     48D2       0
                text108                            91CA     91CA        4     48D2       0
                text107                            908E     908E       22        4       0
                text106                            8E2C     8E2C       3C        4       0
                text105                            8C80     8C80       54        4       0
                text104                            7E08     7E08       D0        4       0
                text103                            8B24     8B24       5A        4       0
                text102                            613A     613A      1FA        4       0
                text101                            9022     9022       26        4       0
                text100                            8BD6     8BD6       56        4       0
                text99                             8A06     8A06       62        4       0
                text98                             910A     910A       1E        4       0
                text97                             9142     9142       18        4       0
                text96                             8A68     8A68       60        4       0
                text95                             9048     9048       24        4       0
                text94                             9128     9128       1A        4       0
                text93                             9170     9170       12        4       0
                text92                             6334     6334      1F4        4       0
                text91                             689A     689A      17A        4       0
                text90                             827A     827A       A6        4       0
                text89                             8DEE     8DEE       3E        4       0
                text88                             8320     8320       98        4       0
                text87                             79AC     79AC       EE        4       0
                text86                             91AC     91AC        8     48D2       0
                text85                             91A4     91A4        8     48D2       0
                text84                             8FFC     8FFC       26        4       0
                text83                             8AC8     8AC8       5C        4       0
                text82                             3904     3904      506        4       0
                text81                             81D4     81D4       A6        4       0
                text80                             89A4     89A4       62        4       0
                text79                             4726     4726      452        4       0
                text78                             91B4     91B4        6     48D2       0
                text77                             70F0     70F0      142        4       0
                text76                             88D6     88D6       68        4       0
                text75                             272E     272E      6C6        4       0
                text74                             6FAE     6FAE      142        4       0
                text73                             886E     886E       68        4       0
                text72                             6528     6528      1CA        4       0
                text71                             7D34     7D34       D4        4       0
                text70                             6CF6     6CF6      160        4       0
                text69                             8728     8728       6E        4       0
                text68                             8802     8802       6C        4       0
                text67                             1724     1724      81C        4       0
                text66                             8D20     8D20       48        4       0
                text65                             915A     915A       16        4       0
                text64                             91C6     91C6        4     48D2       0
                text63                             91C2     91C2        4     48D2       0
                text62                             86B4     86B4       74        4       0
                text61                             6A14     6A14      172        4       0
                text60                             8064     8064       BE        4       0
                text59                               1E       1E      EB4        4       0
                text58                             7A9A     7A9A       E0        4       0
                text57                             8F80     8F80       30        4       0
                text56                             77A6     77A6      104        4       0
                text55                             76A2     76A2      104        4       0
                text54                             893E     893E       66        4       0
                text53                             90EC     90EC       1E        4       0
                text52                             90CE     90CE       1E        4       0
                text51                             8FD6     8FD6       26        4       0
                text50                             7232     7232      12C        4       0
                text49                             91BE     91BE        4     48D2       0
                text48                             8EA2     8EA2       3A        4       0
                text47                             759A     759A      108        4       0
                text46                             7488     7488      112        4       0
                text45                             8FB0     8FB0       26        4       0
                text44                             8DAC     8DAC       42        4       0
                text43                             91BA     91BA        4     48D2       0
                text42                             8F4A     8F4A       36        4       0
                text41                             8C2C     8C2C       54        4       0
                text40                             906C     906C       22        4       0
                text39                             8E68     8E68       3A        4       0
                text38                             8442     8442       86        4       0
                text37                             5AC4     5AC4      23A        4       0
                text36                             735E     735E      12A        4       0
                text35                             5CFE     5CFE      22A        4       0
                text34                             8B7E     8B7E       58        4       0
                text33                             4B78     4B78      418        4       0
                text32                             33E0     33E0      524        4       0
                text31                             2DF4     2DF4      5EC        4       0
                text30                             7C58     7C58       DC        4       0
                text29                             6E56     6E56      158        4       0
                text28                             42B4     42B4      472        4       0
                text27                             4F90     4F90      402        4       0
                text26                             6B86     6B86      170        4       0
                text25                             854A     854A       80        4       0
                text24                             78AA     78AA      102        4       0
                text23                             8640     8640       74        4       0
                text22                             918E     918E        C        4       0
                text21                             9182     9182        C        4       0
                text20                             3E0A     3E0A      4AA        4       0
                text19                             66F2     66F2      1A8        4       0
                text18                             83B8     83B8       8A        4       0
                text17                             5392     5392      2B4        4       0
                text16                             5646     5646      242        4       0
                text15                             1F40     1F40      7EE        4       0
                text14                              ED2      ED2      852        4       0
                text13                             7F9E     7F9E       C6        4       0
                text12                             8122     8122       B2        4       0
                text11                             8F14     8F14       36        4       0
                text10                             91E2     91E2        2     48D2       0
                text9                              7ED8     7ED8       C6        4       0
                text8                              5F28     5F28      212        4       0
                text7                              8CD4     8CD4       4C        4       0
                text6                              8D68     8D68       44        4       0
                text5                              7B7A     7B7A       DE        4       0
                text4                              90B0     90B0       1E        4       0
                text3                              85CA     85CA       76        4       0
                text2                              84C8     84C8       82        4       0
                text1                              8EDC     8EDC       38        4       0
                text0                              5888     5888      23C        4       0
                cstackCOMRAM                          1        1       2C        1       1
                cstackBANK0                          60       60       A0       60       1
                cstackBANK1                         100      100       CF      100       1
                bssBIGRAM                           284      284      455      284       1
                bssBANK2                            200      200       84      200       1
                bssBANK1                            1CF      1CF       2B      100       1
                dataCOMRAM                           50       50        9        1       1
                bssCOMRAM                            2D       2D       23        1       1
                cinit                              8796     8796       6C        4       0
                idataCOMRAM                        919A     919A        9        4       0

TOTAL           Name                               Link     Load   Length     Space
        CLASS   CODE           
                init                                 1A       1A        4         0
                reset_vec                             0        0        6         0
                ivt0x8                                8        8       12         0
                text113                            91DE     91DE        4         0
                text112                            91DA     91DA        4         0
                text111                            91D6     91D6        4         0
                text110                            91D2     91D2        4         0
                text109                            91CE     91CE        4         0
                text108                            91CA     91CA        4         0
                text107                            908E     908E       22         0
                text106                            8E2C     8E2C       3C         0
                text105                            8C80     8C80       54         0
                text104                            7E08     7E08       D0         0
                text103                            8B24     8B24       5A         0
                text102                            613A     613A      1FA         0
                text101                            9022     9022       26         0
                text100                            8BD6     8BD6       56         0
                text99                             8A06     8A06       62         0
                text98                             910A     910A       1E         0
                text97                             9142     9142       18         0
                text96                             8A68     8A68       60         0
                text95                             9048     9048       24         0
                text94                             9128     9128       1A         0
                text93                             9170     9170       12         0
                text92                             6334     6334      1F4         0
                text91                             689A     689A      17A         0
                text90                             827A     827A       A6         0
                text89                             8DEE     8DEE       3E         0
                text88                             8320     8320       98         0
                text87                             79AC     79AC       EE         0
                text86                             91AC     91AC        8         0
                text85                             91A4     91A4        8         0
                text84                             8FFC     8FFC       26         0
                text83                             8AC8     8AC8       5C         0
                text82                             3904     3904      506         0
                text81                             81D4     81D4       A6         0
                text80                             89A4     89A4       62         0
                text79                             4726     4726      452         0
                text78                             91B4     91B4        6         0
                text77                             70F0     70F0      142         0
                text76                             88D6     88D6       68         0
                text75                             272E     272E      6C6         0
                text74                             6FAE     6FAE      142         0
                text73                             886E     886E       68         0
                text72                             6528     6528      1CA         0
                text71                             7D34     7D34       D4         0
                text70                             6CF6     6CF6      160         0
                text69                             8728     8728       6E         0
                text68                             8802     8802       6C         0
                text67                             1724     1724      81C         0
                text66                             8D20     8D20       48         0
                text65                             915A     915A       16         0
                text64                             91C6     91C6        4         0
                text63                             91C2     91C2        4         0
                text62                             86B4     86B4       74         0
                text61                             6A14     6A14      172         0
                text60                             8064     8064       BE         0
                text59                               1E       1E      EB4         0
                text58                             7A9A     7A9A       E0         0
                text57                             8F80     8F80       30         0
                text56                             77A6     77A6      104         0
                text55                             76A2     76A2      104         0
                text54                             893E     893E       66         0
                text53                             90EC     90EC       1E         0
                text52                             90CE     90CE       1E         0
                text51                             8FD6     8FD6       26         0
                text50                             7232     7232      12C         0
                text49                             91BE     91BE        4         0
                text48                             8EA2     8EA2       3A         0
                text47                             759A     759A      108         0
                text46                             7488     7488      112         0
                text45                             8FB0     8FB0       26         0
                text44                             8DAC     8DAC       42         0
                text43                             91BA     91BA        4         0
                text42                             8F4A     8F4A       36         0
                text41                             8C2C     8C2C       54         0
                text40                             906C     906C       22         0
                text39                             8E68     8E68       3A         0
                text38                             8442     8442       86         0
                text37                             5AC4     5AC4      23A         0
                text36                             735E     735E      12A         0
                text35                             5CFE     5CFE      22A         0
                text34                             8B7E     8B7E       58         0
                text33                             4B78     4B78      418         0
                text32                             33E0     33E0      524         0
                text31                             2DF4     2DF4      5EC         0
                text30                             7C58     7C58       DC         0
                text29                             6E56     6E56      158         0
                text28                             42B4     42B4      472         0
                text27                             4F90     4F90      402         0
                text26                             6B86     6B86      170         0
                text25                             854A     854A       80         0
                text24                             78AA     78AA      102         0
                text23                             8640     8640       74         0
                text22                             918E     918E        C         0
                text21                             9182     9182        C         0
                text20                             3E0A     3E0A      4AA         0
                text19                             66F2     66F2      1A8         0
                text18                             83B8     83B8       8A         0
                text17                             5392     5392      2B4         0
                text16                             5646     5646      242         0
                text15                             1F40     1F40      7EE         0
                text14                              ED2      ED2      852         0
                text13                             7F9E     7F9E       C6         0
                text12                             8122     8122       B2         0
                text11                             8F14     8F14       36         0
                text10                             91E2     91E2        2         0
                text9                              7ED8     7ED8       C6         0
                text8                              5F28     5F28      212         0
                text7                              8CD4     8CD4       4C         0
                text6                              8D68     8D68       44         0
                text5                              7B7A     7B7A       DE         0
                text4                              90B0     90B0       1E         0
                text3                              85CA     85CA       76         0
                text2                              84C8     84C8       82         0
                text1                              8EDC     8EDC       38         0
                text0                              5888     5888      23C         0
                cinit                              8796     8796       6C         0
                idataCOMRAM                        919A     919A        9         0

        CLASS   CONST          

        CLASS   SMALLCONST     

        CLASS   MEDIUMCONST    
                mediumconst                        FEC4     FEC4      13C         0

        CLASS   COMRAM         
                cstackCOMRAM                          1        1       2C         1
                dataCOMRAM                           50       50        9         1
                bssCOMRAM                            2D       2D       23         1

        CLASS   ABS1           

        CLASS   BIGRAM         
                bssBIGRAM                           284      284      455         1

        CLASS   RAM            

        CLASS   BANK0          
                cstackBANK0                          60       60       A0         1

        CLASS   BANK1          
                cstackBANK1                         100      100       CF         1
                bssBANK1                            1CF      1CF       2B         1

        CLASS   BANK2          
                bssBANK2                            200      200       84         1

        CLASS   BANK3          

        CLASS   BANK4          

        CLASS   BANK5          

        CLASS   BANK6          

        CLASS   BANK7          

        CLASS   BANK8          

        CLASS   BANK9          

        CLASS   BANK10         

        CLASS   BANK11         

        CLASS   BANK12         

        CLASS   BANK13         

        CLASS   BANK14         

        CLASS   BANK15         

        CLASS   SFR            

        CLASS   BIGSFR         

        CLASS   CONFIG         
                config                           300000   300000        A         4

        CLASS   IDLOC          

        CLASS   EEDATA         

        CLASS   FARRAM         

        CLASS   HEAP           

        CLASS   STACK          



SEGMENTS        Name                           Load    Length   Top    Selector   Space  Class

                reset_vec                      000000  000006  000006         0       0  CODE    
                cstackCOMRAM                   000001  000058  000059         1       1  COMRAM  
                ivt0x8                         000008  00919B  0091A3         4       0  CODE    
                cstackBANK0                    000060  0000A0  000100        60       1  BANK0   
                cstackBANK1                    000100  0000FA  0001FA       100       1  BANK1   
                bssBANK2                       000200  000084  000284       200       1  BANK2   
                bssBIGRAM                      000284  000455  0006D9       284       1  BIGRAM  
                text85                         0091A4  000040  0091E4      48D2       0  CODE    
                mediumconst                    00FEC4  00013C  010000      7F62       0  MEDIUMCO


UNUSED ADDRESS RANGES

        Name                Unused          Largest block    Delta
        BANK1            0001FA-0001FF                6
        BANK10           000A00-000AFF              100
        BANK11           000B00-000BFF              100
        BANK12           000C00-000CFF              100
        BANK13           000D00-000DFF              100
        BANK14           000E00-000EFF              100
        BANK15           000F00-000FFF              100
        BANK6            0006D9-0006FF               27
        BANK7            000700-0007FF              100
        BANK8            000800-0008FF              100
        BANK9            000900-0009FF              100
        BIGRAM           000059-00005F                7
                         0001FA-0001FF                6
                         0006D9-000FFF              927
        BIGSFR           003700-003FFF              900
        CODE             000006-000007                2
                         0091A3-0091A3                1
                         0091E4-00FEC3             6CE0
        COMRAM           000059-00005F                7
        CONST            000006-000007                2
                         0091A3-0091A3                1
                         0091E4-00FEC3             6CE0
        EEDATA           310000-3103FF              400
        IDLOC            200000-20000F               10
        MEDIUMCONST      0091A3-0091A3                1
                         0091E4-00FEC3             6CE0
        RAM              0001FA-0001FF                6
                         0006D9-000FFF              100
        SFR              003700-003FFF              100
        SMALLCONST       0091A3-0091A3                1
                         0091E4-00FEC3              100

                                  Symbol Table

?_SD_SendCmd                              cstackBANK0  00006B
?___awdiv                                 cstackBANK0  000060
?___awmod                                 cstackBANK0  000060
?___lldiv                                 cstackBANK0  000060
?___lmul                                  cstackBANK0  000060
?___lwdiv                                 cstackBANK0  000060
?_abs                                     cstackBANK0  000066
?_chk_chr                                 cstackBANK0  000060
?_clst2sect                               cstackBANK0  00006C
?_create_chain                            cstackBANK0  0000F4
?_dbc_1st                                 cstackBANK0  000060
?_dbc_2nd                                 cstackBANK0  000060
?_get_fat                                 cstackBANK0  0000D3
?_get_ldnumber                            cstackBANK0  000060
?_get_message_type                        cstackCOMRAM 000001
?_get_reset_board_id                      cstackCOMRAM 000005
?_ld_clust                                cstackBANK0  000067
?_ld_dword                                cstackBANK0  000060
?_ld_word                                 cstackBANK0  000060
?_mem_cmp                                 cstackBANK0  000060
?_millis                                  cstackBANK0  000060
?_sprintf                                 cstackBANK0  00007D
?_vfprintf                                cstackBANK0  000077
IVTBASEH                                  (abs)        003FD6
IVTBASEL                                  (abs)        003FD5
IVTBASEU                                  (abs)        003FD7
SD_SPI_AsyncReadTasks@SingleBlockRead     bssCOMRAM    00004C
SD_SPI_AsyncReadTasks@bData               cstackBANK0  00008C
SD_SPI_AsyncReadTasks@blockCounter        bssCOMRAM    000044
SD_SPI_AsyncReadTasks@info                cstackBANK0  000082
SD_SPI_AsyncReadTasks@longTimeoutCounter  bssBANK1     0001CF
SD_SPI_AsyncReadTasks@response            cstackBANK0  000087
SD_SPI_AsyncWriteTasks@WriteTimeout       bssCOMRAM    00003A
SD_SPI_AsyncWriteTasks@blockCounter       bssCOMRAM    000042
SD_SPI_AsyncWriteTasks@command            bssCOMRAM    00004A
SD_SPI_AsyncWriteTasks@data_byte          bssCOMRAM    00004B
SD_SPI_AsyncWriteTasks@info               cstackBANK0  000082
SD_SPI_AsyncWriteTasks@preEraseBlockCount cstackBANK0  00008C
SD_SPI_AsyncWriteTasks@response           cstackBANK0  000087
SD_SPI_DelayMilliseconds@milliseconds     cstackBANK0  000063
SD_SPI_DelayMilliseconds@timeout          cstackBANK0  000064
SD_SPI_MediaInitialize@CSDResponse        cstackBANK0  00008D
SD_SPI_MediaInitialize@block_len          cstackBANK0  0000A7
SD_SPI_MediaInitialize@c_size             cstackBANK0  0000A9
SD_SPI_MediaInitialize@c_size_mult        cstackBANK0  0000A5
SD_SPI_MediaInitialize@count              cstackBANK0  0000A8
SD_SPI_MediaInitialize@index              cstackBANK0  0000A6
SD_SPI_MediaInitialize@response           cstackBANK0  0000AD
SD_SPI_MediaInitialize@timeout            cstackBANK0  0000B2
SD_SPI_SectorRead@buffer                  cstackBANK0  000091
SD_SPI_SectorRead@i                       cstackBANK0  000099
SD_SPI_SectorRead@info                    cstackBANK0  00009B
SD_SPI_SectorRead@result                  cstackBANK0  000097
SD_SPI_SectorRead@sector_address          cstackBANK0  00008D
SD_SPI_SectorRead@sector_count            cstackBANK0  000093
SD_SPI_SectorRead@status                  cstackBANK0  000098
SD_SPI_SectorWrite@buffer                 cstackBANK0  000094
SD_SPI_SectorWrite@i                      cstackBANK0  00009C
SD_SPI_SectorWrite@info                   cstackBANK0  00009E
SD_SPI_SectorWrite@result                 cstackBANK0  00009A
SD_SPI_SectorWrite@sector_address         cstackBANK0  000090
SD_SPI_SectorWrite@sector_count           cstackBANK0  000096
SD_SPI_SectorWrite@status                 cstackBANK0  00009B
SD_SendCmd@address                        cstackBANK0  00006B
SD_SendCmd@address_bytes                  cstackBANK0  000078
SD_SendCmd@cmd                            cstackBANK0  00007C
SD_SendCmd@longTimeout                    cstackBANK0  000072
SD_SendCmd@response                       cstackBANK0  00007D
SD_SendCmd@timeout                        cstackBANK0  000076
SET_ACCEL_I2C_ADDR@addr                   cstackBANK0  000060
SPI1_ExchangeBlock@block                  cstackBANK0  000060
SPI1_ExchangeBlock@blockSize              cstackBANK0  000062
SPI1_ExchangeBlock@data                   cstackBANK0  000064
SPI1_ExchangeByte@data                    cstackBANK0  000060
SPI1_Open@spi1UniqueConfiguration         cstackBANK0  000061
_ADACCH                                   (abs)        003EE9
_ADACCL                                   (abs)        003EE8
_ADACCU                                   (abs)        003EEA
_ADACQH                                   (abs)        003EF4
_ADACQL                                   (abs)        003EF3
_ADACT                                    (abs)        003EFE
_ADCAP                                    (abs)        003EF5
_ADCC_Initialize                          text99       008A06
_ADCLK                                    (abs)        003EFF
_ADCNT                                    (abs)        003EEB
_ADCON0                                   (abs)        003EF8
_ADCON0bits                               (abs)        003EF8
_ADCON1                                   (abs)        003EF9
_ADCON1bits                               (abs)        003EF9
_ADCON2                                   (abs)        003EFA
_ADCON2bits                               (abs)        003EFA
_ADCON3                                   (abs)        003EFB
_ADCON3bits                               (abs)        003EFB
_ADERRH                                   (abs)        003EE3
_ADERRL                                   (abs)        003EE2
_ADFLTRH                                  (abs)        003EE7
_ADFLTRL                                  (abs)        003EE6
_ADLTHH                                   (abs)        003EDF
_ADLTHL                                   (abs)        003EDE
_ADPCH                                    (abs)        003EF1
_ADPREH                                   (abs)        003EF7
_ADPREL                                   (abs)        003EF6
_ADPREVH                                  (abs)        003EEE
_ADPREVL                                  (abs)        003EED
_ADREF                                    (abs)        003EFD
_ADRESH                                   (abs)        003EF0
_ADRESL                                   (abs)        003EEF
_ADRPT                                    (abs)        003EEC
_ADSTAT                                   (abs)        003EFC
_ADSTATbits                               (abs)        003EFC
_ADSTPTH                                  (abs)        003EE5
_ADSTPTL                                  (abs)        003EE4
_ADUTHH                                   (abs)        003EE1
_ADUTHL                                   (abs)        003EE0
_ANSELA                                   (abs)        003A40
_ANSELB                                   (abs)        003A50
_ANSELC                                   (abs)        003A60
_ANSELC0                                  (abs)        01D300
_BLUE_LED_OFF                             text113      0091DE
_BLUE_LED_ON                              text112      0091DA
_BLUE_LED_TOGGLE                          text43       0091BA
_BRGCON1bits                              (abs)        003703
_BRGCON2bits                              (abs)        003704
_BRGCON3bits                              (abs)        003705
_CANCONbits                               (abs)        003F8F
_CANRXPPS                                 (abs)        003AED
_CANSTATbits                              (abs)        003F8E
_CIOCONbits                               (abs)        003700
_CLKRCLK                                  (abs)        003CE6
_CLKRCON                                  (abs)        003CE5
_COMSTATbits                              (abs)        003F90
_CurrVol                                  bssCOMRAM    00004D
_ECANCONbits                              (abs)        003F91
_ExCvt                                    mediumconst  00FEC5
_FatFs                                    bssBIGRAM    000284
_FatFs@ff$F2407                           bssBANK1     0001E2
_Fil                                      bssBIGRAM    0004B7
_Fsid                                     bssBANK1     0001E0
_GREEN_LED_OFF                            text111      0091D6
_GREEN_LED_ON                             text110      0091D2
_I2C1ADB1                                 (abs)        003D6E
_I2C1CLK                                  (abs)        003D7B
_I2C1CNT                                  (abs)        003D6C
_I2C1CON0                                 (abs)        003D73
_I2C1CON0bits                             (abs)        003D73
_I2C1CON1                                 (abs)        003D74
_I2C1CON2                                 (abs)        003D75
_I2C1ERR                                  (abs)        003D76
_I2C1ERRbits                              (abs)        003D76
_I2C1PIR                                  (abs)        003D79
_I2C1PIRbits                              (abs)        003D79
_I2C1RXB                                  (abs)        003D6A
_I2C1STAT1bits                            (abs)        003D78
_I2C1TXB                                  (abs)        003D6B
_INLVLA                                   (abs)        003A44
_INLVLB                                   (abs)        003A54
_INLVLC                                   (abs)        003A64
_INLVLE                                   (abs)        003A84
_INTCON0bits                              (abs)        003FD2
_LATA                                     (abs)        003FBA
_LATA2                                    (abs)        01FDD2
_LATA3                                    (abs)        01FDD3
_LATA4                                    (abs)        01FDD4
_LATAbits                                 (abs)        003FBA
_LATB                                     (abs)        003FBB
_LATB3                                    (abs)        01FDDB
_LATC                                     (abs)        003FBC
_LATC2                                    (abs)        01FDE2
_LATC6                                    (abs)        01FDE6
_ODCONA                                   (abs)        003A42
_ODCONB                                   (abs)        003A52
_ODCONC                                   (abs)        003A62
_OSCCON1                                  (abs)        0039D9
_OSCCON3                                  (abs)        0039DB
_OSCEN                                    (abs)        0039DD
_OSCFRQ                                   (abs)        0039DF
_OSCILLATOR_Initialize                    text97       009142
_OSCTUNE                                  (abs)        0039DE
_PIE3bits                                 (abs)        003993
_PIE5bits                                 (abs)        003995
_PIN_MANAGER_Initialize                   text96       008A68
_PIR1bits                                 (abs)        0039A1
_PIR2bits                                 (abs)        0039A2
_PIR3bits                                 (abs)        0039A3
_PIR5                                     (abs)        0039A5
_PIR5bits                                 (abs)        0039A5
_PMD0                                     (abs)        0039C0
_PMD1                                     (abs)        0039C1
_PMD2                                     (abs)        0039C2
_PMD3                                     (abs)        0039C3
_PMD4                                     (abs)        0039C4
_PMD5                                     (abs)        0039C5
_PMD6                                     (abs)        0039C6
_PMD7                                     (abs)        0039C7
_PMD_Initialize                           text95       009048
_RC1PPS                                   (abs)        003A11
_RC3PPS                                   (abs)        003A13
_RC5PPS                                   (abs)        003A15
_RED_LED_OFF                              text109      0091CE
_RED_LED_ON                               text108      0091CA
_RED_LED_TOGGLE                           text49       0091BE
_RXB0CONbits                              (abs)        003F80
_RXB0D0                                   (abs)        003F86
_RXB0DLCbits                              (abs)        003F85
_RXB0SIDH                                 (abs)        003F81
_RXB0SIDL                                 (abs)        003F82
_RXB1CONbits                              (abs)        0037F0
_RXB1D0                                   (abs)        0037F6
_RXB1DLCbits                              (abs)        0037F5
_RXB1SIDH                                 (abs)        0037F1
_RXB1SIDL                                 (abs)        0037F2
_RXM0SIDH                                 (abs)        0037B8
_RXM0SIDL                                 (abs)        0037B9
_RXM1SIDH                                 (abs)        0037BC
_RXM1SIDL                                 (abs)        0037BD
_SDFAST_open                              text85       0091A4
_SDSLOW_open                              text86       0091AC
_SD_SPI_AsyncReadTasks                    text79       004726
_SD_SPI_AsyncWriteTasks                   text75       00272E
_SD_SPI_DelayMilliseconds                 text69       008728
_SD_SPI_IsMediaInitialized                text65       00915A
_SD_SPI_IsMediaPresent                    text64       0091C6
_SD_SPI_IsWriteProtected                  text63       0091C2
_SD_SPI_MediaInitialize                   text67       001724
_SD_SPI_MediaInitialize$6530              cstackBANK0  0000A1
_SD_SPI_SectorRead                        text77       0070F0
_SD_SPI_SectorWrite                       text74       006FAE
_SD_SendCmd                               text82       003904
_SET_ACCEL_I2C_ADDR                       text98       00910A
_SLRCONA                                  (abs)        003A43
_SLRCONB                                  (abs)        003A53
_SLRCONC                                  (abs)        003A63
_SPI1BAUD                                 (abs)        003D19
_SPI1CLK                                  (abs)        003D1C
_SPI1CON0                                 (abs)        003D14
_SPI1CON0bits                             (abs)        003D14
_SPI1CON1                                 (abs)        003D15
_SPI1CON2                                 (abs)        003D16
_SPI1RXB                                  (abs)        003D10
_SPI1SCKPPS                               (abs)        003AE0
_SPI1SDIPPS                               (abs)        003AE1
_SPI1TCNTL                                (abs)        003D12
_SPI1TXB                                  (abs)        003D11
_SPI1_Close                               text78       0091B4
_SPI1_ExchangeBlock                       text81       0081D4
_SPI1_ExchangeByte                        text84       008FFC
_SPI1_Initialize                          text94       009128
_SPI1_Open                                text87       0079AC
_SPI1_ReadBlock                           (abs)        000000
_SPI1_ReadByte                            (abs)        000000
_SPI1_WriteBlock                          (abs)        000000
_SPI1_WriteByte                           (abs)        000000
_SYSTEM_Initialize                        text93       009170
_T0CON0bits                               (abs)        003FB8
_T0CON1bits                               (abs)        003FB9
_TRISA                                    (abs)        003FC2
_TRISA2                                   (abs)        01FE12
_TRISA3                                   (abs)        01FE13
_TRISA4                                   (abs)        01FE14
_TRISB                                    (abs)        003FC3
_TRISB3                                   (abs)        01FE1B
_TRISC                                    (abs)        003FC4
_TRISC0                                   (abs)        01FE20
_TRISC1                                   (abs)        01FE21
_TRISC2                                   (abs)        01FE22
_TRISC6                                   (abs)        01FE26
_TRISCbits                                (abs)        003FC4
_TXB0CONbits                              (abs)        0037E0
_TXB0D0                                   (abs)        0037E6
_TXB0DLCbits                              (abs)        0037E5
_TXB0SIDH                                 (abs)        0037E1
_TXB0SIDL                                 (abs)        0037E2
_WPUA                                     (abs)        003A41
_WPUB                                     (abs)        003A51
_WPUC                                     (abs)        003A61
_WPUE                                     (abs)        003A81
__HRAM                                    (abs)        000000
__H__absolute__                           __absolute__ 000000
__Habs1                                   abs1         000000
__Hbank0                                  bank0        000000
__Hbank1                                  bank1        000000
__Hbank10                                 bank10       000000
__Hbank11                                 bank11       000000
__Hbank12                                 bank12       000000
__Hbank13                                 bank13       000000
__Hbank14                                 bank14       000000
__Hbank15                                 bank15       000000
__Hbank2                                  bank2        000000
__Hbank3                                  bank3        000000
__Hbank4                                  bank4        000000
__Hbank5                                  bank5        000000
__Hbank6                                  bank6        000000
__Hbank7                                  bank7        000000
__Hbank8                                  bank8        000000
__Hbank9                                  bank9        000000
__Hbigbss                                 bigbss       000000
__Hbigdata                                bigdata      000000
__Hbigram                                 bigram       000000
__Hbigsfr                                 bigsfr       000000
__Hbss                                    bss          000000
__HbssBANK1                               bssBANK1     000000
__HbssBANK2                               bssBANK2     000000
__HbssBIGRAM                              bssBIGRAM    000000
__HbssCOMRAM                              bssCOMRAM    000000
__Hcinit                                  cinit        000000
__Hclrtext                                clrtext      000000
__Hcomram                                 comram       000000
__Hconfig                                 config       30000A
__Hconst                                  const        000000
__HcstackBANK0                            cstackBANK0  000000
__HcstackBANK1                            cstackBANK1  000000
__HcstackCOMRAM                           cstackCOMRAM 000000
__Hdata                                   data         000000
__HdataCOMRAM                             dataCOMRAM   000000
__Heeprom_data                            eeprom_data  000000
__Hfarbss                                 farbss       000000
__Hfardata                                fardata      000000
__Hheap                                   heap         000000
__Hibigdata                               ibigdata     000000
__Hidata                                  idata        000000
__HidataCOMRAM                            idataCOMRAM  000000
__Hidloc                                  idloc        000000
__Hifardata                               ifardata     000000
__Hinit                                   init         00001E
__Hintsave_regs                           intsave_regs 000000
__Hirdata                                 irdata       000000
__Hivt0x8                                 ivt0x8       00001A
__Hmediumconst                            mediumconst  010000
__HnvFARRAM                               nvFARRAM     000000
__Hnvbit                                  nvbit        000000
__Hnvrram                                 nvrram       000000
__Hparam                                  rparam       000000
__Hpowerup                                powerup      000000
__Hram                                    ram          000000
__Hramtop                                 ramtop       001000
__Hrbit                                   rbit         000000
__Hrbss                                   rbss         000000
__Hrdata                                  rdata        000000
__Hreset_vec                              reset_vec    000006
__Hrparam                                 rparam       000000
__Hsfr                                    sfr          000000
__Hsmallconst                             smallconst   000000
__Hspace_0                                (abs)        010000
__Hspace_1                                (abs)        0006D9
__Hspace_2                                (abs)        000000
__Hspace_4                                (abs)        60000A
__Hstack                                  stack        000000
__Hstruct                                 struct       000000
__Htemp                                   temp         000000
__Htext                                   text         000000
__Htext0                                  text0        000000
__Htext1                                  text1        000000
__Htext10                                 text10       000000
__Htext100                                text100      000000
__Htext101                                text101      000000
__Htext102                                text102      000000
__Htext103                                text103      000000
__Htext104                                text104      000000
__Htext105                                text105      000000
__Htext106                                text106      000000
__Htext107                                text107      000000
__Htext108                                text108      000000
__Htext109                                text109      000000
__Htext11                                 text11       000000
__Htext110                                text110      000000
__Htext111                                text111      000000
__Htext112                                text112      000000
__Htext113                                text113      000000
__Htext12                                 text12       000000
__Htext13                                 text13       000000
__Htext14                                 text14       000000
__Htext15                                 text15       000000
__Htext16                                 text16       000000
__Htext17                                 text17       000000
__Htext18                                 text18       000000
__Htext19                                 text19       000000
__Htext2                                  text2        000000
__Htext20                                 text20       000000
__Htext21                                 text21       000000
__Htext22                                 text22       000000
__Htext23                                 text23       000000
__Htext24                                 text24       000000
__Htext25                                 text25       000000
__Htext26                                 text26       000000
__Htext27                                 text27       000000
__Htext28                                 text28       000000
__Htext29                                 text29       000000
__Htext3                                  text3        000000
__Htext30                                 text30       000000
__Htext31                                 text31       000000
__Htext32                                 text32       000000
__Htext33                                 text33       000000
__Htext34                                 text34       000000
__Htext35                                 text35       000000
__Htext36                                 text36       000000
__Htext37                                 text37       000000
__Htext38                                 text38       000000
__Htext39                                 text39       000000
__Htext4                                  text4        000000
__Htext40                                 text40       000000
__Htext41                                 text41       000000
__Htext42                                 text42       000000
__Htext43                                 text43       000000
__Htext44                                 text44       000000
__Htext45                                 text45       000000
__Htext46                                 text46       000000
__Htext47                                 text47       000000
__Htext48                                 text48       000000
__Htext49                                 text49       000000
__Htext5                                  text5        000000
__Htext50                                 text50       000000
__Htext51                                 text51       000000
__Htext52                                 text52       000000
__Htext53                                 text53       000000
__Htext54                                 text54       000000
__Htext55                                 text55       000000
__Htext56                                 text56       000000
__Htext57                                 text57       000000
__Htext58                                 text58       000000
__Htext59                                 text59       000000
__Htext6                                  text6        000000
__Htext60                                 text60       000000
__Htext61                                 text61       000000
__Htext62                                 text62       000000
__Htext63                                 text63       000000
__Htext64                                 text64       000000
__Htext65                                 text65       000000
__Htext66                                 text66       000000
__Htext67                                 text67       000000
__Htext68                                 text68       000000
__Htext69                                 text69       000000
__Htext7                                  text7        000000
__Htext70                                 text70       000000
__Htext71                                 text71       000000
__Htext72                                 text72       000000
__Htext73                                 text73       000000
__Htext74                                 text74       000000
__Htext75                                 text75       000000
__Htext76                                 text76       000000
__Htext77                                 text77       000000
__Htext78                                 text78       000000
__Htext79                                 text79       000000
__Htext8                                  text8        000000
__Htext80                                 text80       000000
__Htext81                                 text81       000000
__Htext82                                 text82       000000
__Htext83                                 text83       000000
__Htext84                                 text84       000000
__Htext85                                 text85       000000
__Htext86                                 text86       000000
__Htext87                                 text87       000000
__Htext88                                 text88       000000
__Htext89                                 text89       000000
__Htext9                                  text9        000000
__Htext90                                 text90       000000
__Htext91                                 text91       000000
__Htext92                                 text92       000000
__Htext93                                 text93       000000
__Htext94                                 text94       000000
__Htext95                                 text95       000000
__Htext96                                 text96       000000
__Htext97                                 text97       000000
__Htext98                                 text98       000000
__Htext99                                 text99       000000
__LRAM                                    (abs)        000001
__L__absolute__                           __absolute__ 000000
__Labs1                                   abs1         000000
__Lbank0                                  bank0        000000
__Lbank1                                  bank1        000000
__Lbank10                                 bank10       000000
__Lbank11                                 bank11       000000
__Lbank12                                 bank12       000000
__Lbank13                                 bank13       000000
__Lbank14                                 bank14       000000
__Lbank15                                 bank15       000000
__Lbank2                                  bank2        000000
__Lbank3                                  bank3        000000
__Lbank4                                  bank4        000000
__Lbank5                                  bank5        000000
__Lbank6                                  bank6        000000
__Lbank7                                  bank7        000000
__Lbank8                                  bank8        000000
__Lbank9                                  bank9        000000
__Lbigbss                                 bigbss       000000
__Lbigdata                                bigdata      000000
__Lbigram                                 bigram       000000
__Lbigsfr                                 bigsfr       000000
__Lbss                                    bss          000000
__LbssBANK1                               bssBANK1     000000
__LbssBANK2                               bssBANK2     000000
__LbssBIGRAM                              bssBIGRAM    000000
__LbssCOMRAM                              bssCOMRAM    000000
__Lcinit                                  cinit        000000
__Lclrtext                                clrtext      000000
__Lcomram                                 comram       000000
__Lconfig                                 config       000000
__Lconst                                  const        000000
__LcstackBANK0                            cstackBANK0  000000
__LcstackBANK1                            cstackBANK1  000000
__LcstackCOMRAM                           cstackCOMRAM 000000
__Ldata                                   data         000000
__LdataCOMRAM                             dataCOMRAM   000000
__Leeprom_data                            eeprom_data  000000
__Lfarbss                                 farbss       000000
__Lfardata                                fardata      000000
__Lheap                                   heap         000000
__Libigdata                               ibigdata     000000
__Lidata                                  idata        000000
__LidataCOMRAM                            idataCOMRAM  000000
__Lidloc                                  idloc        000000
__Lifardata                               ifardata     000000
__Linit                                   init         00001A
__Lintsave_regs                           intsave_regs 000000
__Lirdata                                 irdata       000000
__Livt0x8                                 ivt0x8       000008
__Lmediumconst                            mediumconst  00FEC4
__LnvFARRAM                               nvFARRAM     000000
__Lnvbit                                  nvbit        000000
__Lnvrram                                 nvrram       000000
__Lparam                                  rparam       000000
__Lpowerup                                powerup      000000
__Lram                                    ram          000000
__Lramtop                                 ramtop       001000
__Lrbit                                   rbit         000000
__Lrbss                                   rbss         000000
__Lrdata                                  rdata        000000
__Lreset_vec                              reset_vec    000000
__Lrparam                                 rparam       000000
__Lsfr                                    sfr          000000
__Lsmallconst                             smallconst   000000
__Lspace_0                                (abs)        000000
__Lspace_1                                (abs)        000000
__Lspace_2                                (abs)        000000
__Lspace_4                                (abs)        000000
__Lstack                                  stack        000000
__Lstruct                                 struct       000000
__Ltemp                                   temp         000000
__Ltext                                   text         000000
__Ltext0                                  text0        000000
__Ltext1                                  text1        000000
__Ltext10                                 text10       000000
__Ltext100                                text100      000000
__Ltext101                                text101      000000
__Ltext102                                text102      000000
__Ltext103                                text103      000000
__Ltext104                                text104      000000
__Ltext105                                text105      000000
__Ltext106                                text106      000000
__Ltext107                                text107      000000
__Ltext108                                text108      000000
__Ltext109                                text109      000000
__Ltext11                                 text11       000000
__Ltext110                                text110      000000
__Ltext111                                text111      000000
__Ltext112                                text112      000000
__Ltext113                                text113      000000
__Ltext12                                 text12       000000
__Ltext13                                 text13       000000
__Ltext14                                 text14       000000
__Ltext15                                 text15       000000
__Ltext16                                 text16       000000
__Ltext17                                 text17       000000
__Ltext18                                 text18       000000
__Ltext19                                 text19       000000
__Ltext2                                  text2        000000
__Ltext20                                 text20       000000
__Ltext21                                 text21       000000
__Ltext22                                 text22       000000
__Ltext23                                 text23       000000
__Ltext24                                 text24       000000
__Ltext25                                 text25       000000
__Ltext26                                 text26       000000
__Ltext27                                 text27       000000
__Ltext28                                 text28       000000
__Ltext29                                 text29       000000
__Ltext3                                  text3        000000
__Ltext30                                 text30       000000
__Ltext31                                 text31       000000
__Ltext32                                 text32       000000
__Ltext33                                 text33       000000
__Ltext34                                 text34       000000
__Ltext35                                 text35       000000
__Ltext36                                 text36       000000
__Ltext37                                 text37       000000
__Ltext38                                 text38       000000
__Ltext39                                 text39       000000
__Ltext4                                  text4        000000
__Ltext40                                 text40       000000
__Ltext41                                 text41       000000
__Ltext42                                 text42       000000
__Ltext43                                 text43       000000
__Ltext44                                 text44       000000
__Ltext45                                 text45       000000
__Ltext46                                 text46       000000
__Ltext47                                 text47       000000
__Ltext48                                 text48       000000
__Ltext49                                 text49       000000
__Ltext5                                  text5        000000
__Ltext50                                 text50       000000
__Ltext51                                 text51       000000
__Ltext52                                 text52       000000
__Ltext53                                 text53       000000
__Ltext54                                 text54       000000
__Ltext55                                 text55       000000
__Ltext56                                 text56       000000
__Ltext57                                 text57       000000
__Ltext58                                 text58       000000
__Ltext59                                 text59       000000
__Ltext6                                  text6        000000
__Ltext60                                 text60       000000
__Ltext61                                 text61       000000
__Ltext62                                 text62       000000
__Ltext63                                 text63       000000
__Ltext64                                 text64       000000
__Ltext65                                 text65       000000
__Ltext66                                 text66       000000
__Ltext67                                 text67       000000
__Ltext68                                 text68       000000
__Ltext69                                 text69       000000
__Ltext7                                  text7        000000
__Ltext70                                 text70       000000
__Ltext71                                 text71       000000
__Ltext72                                 text72       000000
__Ltext73                                 text73       000000
__Ltext74                                 text74       000000
__Ltext75                                 text75       000000
__Ltext76                                 text76       000000
__Ltext77                                 text77       000000
__Ltext78                                 text78       000000
__Ltext79                                 text79       000000
__Ltext8                                  text8        000000
__Ltext80                                 text80       000000
__Ltext81                                 text81       000000
__Ltext82                                 text82       000000
__Ltext83                                 text83       000000
__Ltext84                                 text84       000000
__Ltext85                                 text85       000000
__Ltext86                                 text86       000000
__Ltext87                                 text87       000000
__Ltext88                                 text88       000000
__Ltext89                                 text89       000000
__Ltext9                                  text9        000000
__Ltext90                                 text90       000000
__Ltext91                                 text91       000000
__Ltext92                                 text92       000000
__Ltext93                                 text93       000000
__Ltext94                                 text94       000000
__Ltext95                                 text95       000000
__Ltext96                                 text96       000000
__Ltext97                                 text97       000000
__Ltext98                                 text98       000000
__Ltext99                                 text99       000000
__S0                                      (abs)        010000
__S1                                      (abs)        0006D9
__S4                                      (abs)        000000
__S5                                      (abs)        000000
___awdiv                                  text13       007F9E
___awdiv@counter                          cstackBANK0  000064
___awdiv@dividend                         cstackBANK0  000060
___awdiv@divisor                          cstackBANK0  000062
___awdiv@quotient                         cstackBANK0  000066
___awdiv@sign                             cstackBANK0  000065
___awmod                                  text12       008122
___awmod@counter                          cstackBANK0  000064
___awmod@dividend                         cstackBANK0  000060
___awmod@divisor                          cstackBANK0  000062
___awmod@sign                             cstackBANK0  000065
___heap_hi                                (abs)        000000
___heap_lo                                (abs)        000000
___inthi_sp                               stack        000000
___inthi_stack_hi                         stack        000000
___inthi_stack_lo                         stack        000000
___intlo_sp                               stack        000000
___intlo_stack_hi                         stack        000000
___intlo_stack_lo                         stack        000000
___lldiv                                  text90       00827A
___lldiv@counter                          cstackBANK0  00006C
___lldiv@dividend                         cstackBANK0  000060
___lldiv@divisor                          cstackBANK0  000064
___lldiv@quotient                         cstackBANK0  000068
___lmul                                   text68       008802
___lmul@multiplicand                      cstackBANK0  000064
___lmul@multiplier                        cstackBANK0  000060
___lmul@product                           cstackBANK0  000068
___lwdiv                                  text3        0085CA
___lwdiv@counter                          cstackBANK0  000064
___lwdiv@dividend                         cstackBANK0  000060
___lwdiv@divisor                          cstackBANK0  000062
___lwdiv@quotient                         cstackBANK0  000065
___param_bank                             (abs)        000000
___rparam_used                            (abs)        000001
___sp                                     stack        000000
___stack_hi                               stack        000000
___stack_lo                               stack        000000
__accesstop                               (abs)        000060
__activetblptr                            (abs)        000003
__end_of_ADCC_Initialize                  text99       008A68
__end_of_BLUE_LED_OFF                     text113      0091E2
__end_of_BLUE_LED_ON                      text112      0091DE
__end_of_BLUE_LED_TOGGLE                  text43       0091BE
__end_of_ExCvt                            mediumconst  00FF45
__end_of_GREEN_LED_OFF                    text111      0091DA
__end_of_GREEN_LED_ON                     text110      0091D6
__end_of_OSCILLATOR_Initialize            text97       00915A
__end_of_PIN_MANAGER_Initialize           text96       008AC8
__end_of_PMD_Initialize                   text95       00906C
__end_of_RED_LED_OFF                      text109      0091D2
__end_of_RED_LED_ON                       text108      0091CE
__end_of_RED_LED_TOGGLE                   text49       0091C2
__end_of_SDFAST_open                      text85       0091AC
__end_of_SDSLOW_open                      text86       0091B4
__end_of_SD_SPI_AsyncReadTasks            text79       004B78
__end_of_SD_SPI_AsyncWriteTasks           text75       002DF4
__end_of_SD_SPI_DelayMilliseconds         text69       008796
__end_of_SD_SPI_IsMediaInitialized        text65       009170
__end_of_SD_SPI_IsMediaPresent            text64       0091CA
__end_of_SD_SPI_IsWriteProtected          text63       0091C6
__end_of_SD_SPI_MediaInitialize           text67       001F40
__end_of_SD_SPI_SectorRead                text77       007232
__end_of_SD_SPI_SectorWrite               text74       0070F0
__end_of_SD_SendCmd                       text82       003E0A
__end_of_SET_ACCEL_I2C_ADDR               text98       009128
__end_of_SPI1_Close                       text78       0091BA
__end_of_SPI1_ExchangeBlock               text81       00827A
__end_of_SPI1_ExchangeByte                text84       009022
__end_of_SPI1_Initialize                  text94       009142
__end_of_SPI1_Open                        text87       007A9A
__end_of_SYSTEM_Initialize                text93       009182
__end_of___awdiv                          text13       008064
__end_of___awmod                          text12       0081D4
__end_of___lldiv                          text90       008320
__end_of___lmul                           text68       00886E
__end_of___lwdiv                          text3        008640
__end_of__initialization                  cinit        0087FC
__end_of_abs                              text11       008F4A
__end_of_build_board_stat_msg             text47       0076A2
__end_of_can_generate_timing_params       text92       006528
__end_of_can_handle_interrupt             text102      006334
__end_of_can_init                         text91       006A14
__end_of_can_msg_handler                  text104      007ED8
__end_of_can_send                         text46       00759A
__end_of_check_fs                         text70       006E56
__end_of_chk_chr                          text23       0086B4
__end_of_clst2sect                        text30       007D34
__end_of_create_chain                     text31       0033E0
__end_of_create_name                      text20       0042B4
__end_of_dbc_1st                          text22       00919A
__end_of_dbc_2nd                          text21       00918E
__end_of_dir_alloc                        text26       006CF6
__end_of_dir_clear                        text29       006FAE
__end_of_dir_find                         text19       00689A
__end_of_dir_next                         text28       004726
__end_of_dir_register                     text24       0079AC
__end_of_dir_sdi                          text27       005392
__end_of_disk_initialize                  text66       008D68
__end_of_disk_ioctl                       text40       00908E
__end_of_disk_read                        text76       00893E
__end_of_disk_status                      text62       008728
__end_of_disk_write                       text73       0088D6
__end_of_f_close                          text34       008BD6
__end_of_f_mount                          text58       007B7A
__end_of_f_open                           text15       00272E
__end_of_f_sync                           text35       005F28
__end_of_f_write                          text14       001724
__end_of_find_volume                      text59       000ED2
__end_of_follow_path                      text17       005646
__end_of_fputc                            text9        007F9E
__end_of_fxls_get_prod_rev                text53       00910A
__end_of_fxls_get_whoami                  text52       0090EC
__end_of_fxls_init                        text50       00735E
__end_of_get_board_unique_id              text107      0090B0
__end_of_get_fat                          text33       004F90
__end_of_get_ldnumber                     text61       006B86
__end_of_get_message_type                 text106      008E68
__end_of_get_reset_board_id               text105      008CD4
__end_of_i2c_init                         text57       008FB0
__end_of_i2c_read                         text56       0078AA
__end_of_i2c_read_reg8                    text54       0089A4
__end_of_i2c_write                        text55       0077A6
__end_of_i2c_write_reg8                   text51       008FFC
__end_of_interrupt_handler                text100      008C2C
__end_of_ld_clust                         text18       008442
__end_of_ld_dword                         text60       008122
__end_of_ld_word                          text89       008E2C
__end_of_main                             text0        005AC4
__end_of_mem_cmp                          text88       0083B8
__end_of_mem_cpy                          text25       0085CA
__end_of_mem_set                          text39       008EA2
__end_of_memcpy                           text83       008B24
__end_of_memset                           text80       008A06
__end_of_millis                           text45       008FD6
__end_of_move_window                      text71       007E08
__end_of_put_fat                          text32       003904
__end_of_putch                            text10       0091E4
__end_of_remove_chain                     text16       005888
__end_of_sdmmc_cmdtable                   mediumconst  00FF95
__end_of_send_status_err                  text44       008DEE
__end_of_send_status_ok                   text5        007C58
__end_of_spi1_configuration               mediumconst  00FFCC
__end_of_spiMaster                        mediumconst  00FFBD
__end_of_sprintf                          text6        008DAC
__end_of_srb_init                         text2        00854A
__end_of_st_clust                         text41       008C80
__end_of_st_dword                         text38       0084C8
__end_of_st_word                          text42       008F80
__end_of_sync_fs                          text37       005CFE
__end_of_sync_window                      text72       0066F2
__end_of_timer0_handle_interrupt          text101      009048
__end_of_timer0_init                      text4        0090CE
__end_of_txb_init                         text1        008F14
__end_of_validate                         text36       007488
__end_of_vfpfcnvrt                        text8        00613A
__end_of_vfprintf                         text7        008D20
__end_of_write_timestamp_3bytes           text48       008EDC
__end_ofi2_memcpy                         text103      008B7E
__initialization                          cinit        008796
__mediumconst                             mediumconst  00FEC4
__pbssBANK1                               bssBANK1     0001CF
__pbssBANK2                               bssBANK2     000200
__pbssBIGRAM                              bssBIGRAM    000284
__pbssCOMRAM                              bssCOMRAM    00002D
__pcinit                                  cinit        008796
__pcstackBANK0                            cstackBANK0  000060
__pcstackBANK1                            cstackBANK1  000100
__pcstackCOMRAM                           cstackCOMRAM 000001
__pdataCOMRAM                             dataCOMRAM   000050
__pidataCOMRAM                            idataCOMRAM  00919A
[...]
find_volume@nrsv                          cstackBANK1  000122
find_volume@path                          cstackBANK0  0000DA
find_volume@pt                            cstackBANK1  00011A
find_volume@rfs                           cstackBANK0  0000DC
find_volume@stat                          cstackBANK1  000128
find_volume@sysect                        cstackBANK1  00011C
find_volume@szbfat                        cstackBANK1  000116
find_volume@tsect                         cstackBANK1  000124
find_volume@vol                           cstackBANK1  000120
follow_path@dp                            cstackBANK1  000133
follow_path@fs                            cstackBANK1  00013D
follow_path@ns                            cstackBANK1  00013F
follow_path@path                          cstackBANK1  000135
follow_path@res                           cstackBANK1  000140
fputc@c                                   cstackBANK0  000060
fputc@fp                                  cstackBANK0  000062
fxls_get_prod_rev@res                     cstackBANK0  00006C
fxls_get_whoami@res                       cstackBANK0  00006C
fxls_init@buf_config1                     cstackBANK0  000070
fxls_init@int_en                          cstackBANK0  000071
fxls_init@int_pin_sel                     cstackBANK0  000072
fxls_init@sens_config1                    cstackBANK0  00006F
fxls_init@sens_config2                    cstackBANK0  000074
fxls_init@sens_config3                    cstackBANK0  000073
fxls_init@sens_config4                    cstackBANK0  00006E
fxls_init@sys_mode                        cstackBANK0  000075
get_board_unique_id@msg                   cstackCOMRAM 000001
get_fat@bc                                cstackBANK0  0000E9
get_fat@clst                              cstackBANK0  0000D5
get_fat@fs                                cstackBANK0  0000EB
get_fat@obj                               cstackBANK0  0000D3
get_fat@val                               cstackBANK0  0000E5
get_fat@wc                                cstackBANK0  0000E3
get_ldnumber@i                            cstackBANK0  000064
get_ldnumber@path                         cstackBANK0  000060
get_ldnumber@tc                           cstackBANK0  000066
get_ldnumber@tp                           cstackBANK0  00006B
get_ldnumber@tt                           cstackBANK0  000067
get_ldnumber@vol                          cstackBANK0  000069
get_message_type@msg                      cstackCOMRAM 000001
get_reset_board_id@msg                    cstackCOMRAM 000005
get_reset_board_id@msg_type               cstackCOMRAM 000008
i2_memcpy                                 text103      008B24
i2c_init@clkdiv                           cstackBANK0  000060
i2c_read@address                          cstackBANK0  000063
i2c_read@data                             cstackBANK0  000060
i2c_read@len                              cstackBANK0  000061
i2c_read@timeout                          cstackBANK0  000064
i2c_read_reg8@address                     cstackBANK0  000069
i2c_read_reg8@data                        cstackBANK0  00006B
i2c_read_reg8@reg                         cstackBANK0  000066
i2c_read_reg8@success                     cstackBANK0  00006A
i2c_read_reg8@value                       cstackBANK0  000067
i2c_write@address                         cstackBANK0  000063
i2c_write@data                            cstackBANK0  000060
i2c_write@len                             cstackBANK0  000061
i2c_write@timeout                         cstackBANK0  000064
i2c_write_reg8@address                    cstackBANK0  000068
i2c_write_reg8@data                       cstackBANK0  000069
i2c_write_reg8@reg                        cstackBANK0  000066
i2c_write_reg8@val                        cstackBANK0  000067
i2memcpy@d                                cstackCOMRAM 000007
i2memcpy@d1                               cstackCOMRAM 000001
i2memcpy@n                                cstackCOMRAM 000005
i2memcpy@s                                cstackCOMRAM 000009
i2memcpy@s1                               cstackCOMRAM 000003
i2memcpy@tmp                              cstackCOMRAM 00000B
intlevel0                                 text         000000
intlevel1                                 text         000000
intlevel2                                 text         000000
intlevel3                                 text         000000
isa$std                                   (abs)        000001
isa$xinst                                 (abs)        000000
ivt0x8_base                               ivt0x8       000008
ld_clust@cl                               cstackBANK0  00006F
ld_clust@dir                              cstackBANK0  000069
ld_clust@fs                               cstackBANK0  000067
ld_dword@ptr                              cstackBANK0  000060
ld_dword@rv                               cstackBANK0  000069
ld_word@ptr                               cstackBANK0  000060
ld_word@rv                                cstackBANK0  000065
main@can_setup                            cstackBANK1  0001C8
main@last_status_millis                   cstackBANK1  0001C4
mem_cmp@cnt                               cstackBANK0  000064
mem_cmp@d                                 cstackBANK0  000068
mem_cmp@dst                               cstackBANK0  000060
mem_cmp@r                                 cstackBANK0  00006C
mem_cmp@s                                 cstackBANK0  00006A
mem_cmp@src                               cstackBANK0  000062
mem_cpy@cnt                               cstackBANK0  000064
mem_cpy@d                                 cstackBANK0  000066
mem_cpy@dst                               cstackBANK0  000060
mem_cpy@s                                 cstackBANK0  000068
mem_cpy@src                               cstackBANK0  000062
mem_set@cnt                               cstackBANK0  000064
mem_set@d                                 cstackBANK0  000066
mem_set@dst                               cstackBANK0  000060
mem_set@val                               cstackBANK0  000062
memcpy@d                                  cstackBANK0  000067
memcpy@d1                                 cstackBANK0  000060
memcpy@n                                  cstackBANK0  000064
memcpy@s                                  cstackBANK0  000069
memcpy@s1                                 cstackBANK0  000062
memcpy@tmp                                cstackBANK0  000066
memset@c                                  cstackBANK0  000062
memset@dest                               cstackBANK0  000060
memset@n                                  cstackBANK0  000064
memset@p                                  cstackBANK0  000066
millis@res                                cstackBANK0  000064
move_window@fs                            cstackBANK0  0000C8
move_window@res                           cstackBANK0  0000D2
move_window@sector                        cstackBANK0  0000CA
put_fat@bc                                cstackBANK0  0000F1
put_fat@clst                              cstackBANK0  0000D5
put_fat@fs                                cstackBANK0  0000D3
put_fat@p                                 cstackBANK0  0000EF
put_fat@res                               cstackBANK0  0000F3
put_fat@val                               cstackBANK0  0000D9
remove_chain@clst                         cstackBANK0  0000F6
remove_chain@fs                           cstackBANK1  00010D
remove_chain@nxt                          cstackBANK1  000108
remove_chain@obj                          cstackBANK0  0000F4
remove_chain@pclst                        cstackBANK0  0000FA
remove_chain@res                          cstackBANK1  00010C
send_status_err@board_stat_msg            cstackBANK0  000077
send_status_ok@board_stat_msg             cstackBANK1  0001B5
send_status_ok@text                       cstackBANK1  000191
send_status_ok@time                       cstackBANK1  0001B1
sprintf@ap                                cstackBANK0  000085
sprintf@f                                 cstackBANK0  000086
sprintf@fmt                               cstackBANK0  00007F
sprintf@s                                 cstackBANK0  00007D
srb_init@ctx                              cstackBANK0  000067
srb_init@element_size                     cstackBANK0  00006D
srb_init@pool                             cstackBANK0  000069
srb_init@pool_size                        cstackBANK0  00006B
st_clust@cl                               cstackBANK0  000068
st_clust@dir                              cstackBANK0  000066
st_clust@fs                               cstackBANK0  000064
st_dword@ptr                              cstackBANK0  000060
st_dword@val                              cstackBANK0  000062
st_word@ptr                               cstackBANK0  000060
st_word@val                               cstackBANK0  000062
stackhi                                   (abs)        000000
stacklo                                   (abs)        000000
start                                     init         00001A
start_initialization                      cinit        008796
sync_fs@fs                                cstackBANK0  0000C8
sync_fs@res                               cstackBANK0  0000D2
sync_window@fs                            cstackBANK0  0000B5
sync_window@res                           cstackBANK0  0000C7
timer0_handle_interrupt@internal_count    bssCOMRAM    00004F
txb_init@can_send_fp                      cstackBANK0  000073
txb_init@can_tx_ready                     cstackBANK0  000075
txb_init@pool                             cstackBANK0  00006F
txb_init@pool_size                        cstackBANK0  000071
validate@obj                              cstackBANK0  000062
validate@res                              cstackBANK0  00006C
validate@rfs                              cstackBANK0  000064
vfpfcnvrt@ap                              cstackBANK0  00006C
vfpfcnvrt@c                               cstackBANK0  000076
vfpfcnvrt@convarg                         cstackBANK0  000072
vfpfcnvrt@cp                              cstackBANK0  000070
vfpfcnvrt@done                            cstackBANK0  00006F
vfpfcnvrt@fmt                             cstackBANK0  00006B
vfpfcnvrt@fp                              cstackBANK0  00006A
vfprintf@ap                               cstackBANK0  00007A
vfprintf@cfmt                             cstackBANK0  00007B
vfprintf@fmt                              cstackBANK0  000078
vfprintf@fp                               cstackBANK0  000077
write_timestamp_3bytes@output             cstackBANK0  000064
write_timestamp_3bytes@timestamp          cstackBANK0  000060


MODULE INFORMATION

Module		Function		Class		Link	Load	Size
mcc_generated_files/fatfs/ff.c
		_clst2sect     		CODE           	7C58	0000	220
		_mem_cpy       		CODE           	854A	0000	128
		_find_volume   		CODE           	001E	0000	3764
		_dir_clear     		CODE           	6E56	0000	344
		_ld_dword      		CODE           	8064	0000	190
		_remove_chain  		CODE           	5646	0000	578
		_f_mount       		CODE           	7A9A	0000	224
		_get_fat       		CODE           	4B78	0000	1048
		_st_word       		CODE           	8F4A	0000	54
		_get_ldnumber  		CODE           	6A14	0000	370
		_st_clust      		CODE           	8C2C	0000	84
		_create_name   		CODE           	3E0A	0000	1194
		_chk_chr       		CODE           	8640	0000	116
		_create_chain  		CODE           	2DF4	0000	1516
		_dbc_1st       		CODE           	918E	0000	12
		_validate      		CODE           	735E	0000	298
		_check_fs      		CODE           	6CF6	0000	352
		_f_sync        		CODE           	5CFE	0000	554
		_st_dword      		CODE           	8442	0000	134
		_f_write       		CODE           	0ED2	0000	2130
		_mem_set       		CODE           	8E68	0000	58
		_dir_alloc     		CODE           	6B86	0000	368
		_put_fat       		CODE           	33E0	0000	1316
		_sync_fs       		CODE           	5AC4	0000	570
		_dir_next      		CODE           	42B4	0000	1138
		_sync_window   		CODE           	6528	0000	458
		_dir_register  		CODE           	78AA	0000	258
		_ld_word       		CODE           	8DEE	0000	62
		_dir_find      		CODE           	66F2	0000	424
		_f_open        		CODE           	1F40	0000	2030
		_mem_cmp       		CODE           	8320	0000	152
		_f_close       		CODE           	8B7E	0000	88
		_dir_sdi       		CODE           	4F90	0000	1026
		_follow_path   		CODE           	5392	0000	692
		_dbc_2nd       		CODE           	9182	0000	12
		_ld_clust      		CODE           	83B8	0000	138
		_move_window   		CODE           	7D34	0000	212

mcc_generated_files/fatfs/ff.c estimated size: 22312

canlib/pic18f26k83/pic18f26k83_can.c
		_can_init      		CODE           	689A	0000	378
		_can_send      		CODE           	7488	0000	274
		_can_handle_interrupt		CODE           	613A	0000	506

canlib/pic18f26k83/pic18f26k83_can.c estimated size: 1158

C:\Program Files\Microchip\xc8\v2.46\pic\sources\c99\common\nf_fputc.c
		_fputc         		CODE           	7ED8	0000	198

C:\Program Files\Microchip\xc8\v2.46\pic\sources\c99\common\nf_fputc.c estimated size: 198

canlib/util/can_tx_buffer.c
		_txb_init      		CODE           	8EDC	0000	56

canlib/util/can_tx_buffer.c estimated size: 56

C:\Program Files\Microchip\xc8\v2.46\pic\sources\c99\common\lwdiv.c
		___lwdiv       		CODE           	85CA	0000	118

C:\Program Files\Microchip\xc8\v2.46\pic\sources\c99\common\lwdiv.c estimated size: 118

C:\Program Files\Microchip\xc8\v2.46\pic\sources\c99\common\awdiv.c
		___awdiv       		CODE           	7F9E	0000	198

C:\Program Files\Microchip\xc8\v2.46\pic\sources\c99\common\awdiv.c estimated size: 198

canlib/util/timing_util.c
		_can_generate_timing_params		CODE           	6334	0000	500

canlib/util/timing_util.c estimated size: 500

mcc_generated_files/pin_manager.c
		_PIN_MANAGER_Initialize		CODE           	8A68	0000	96

mcc_generated_files/pin_manager.c estimated size: 96

rocketlib/pic18f26k83/i2c.c
		_i2c_write     		CODE           	76A2	0000	260
		_i2c_read      		CODE           	77A6	0000	260
		_i2c_write_reg8		CODE           	8FD6	0000	38
		_i2c_init      		CODE           	8F80	0000	48
		_i2c_read_reg8 		CODE           	893E	0000	102

rocketlib/pic18f26k83/i2c.c estimated size: 708

mcc_generated_files/spi1.c
		_SPI1_ExchangeBlock		CODE           	81D4	0000	166
		_SPI1_Open     		CODE           	79AC	0000	238
		_SPI1_Initialize		CODE           	9128	0000	26
		_SPI1_Close    		CODE           	91B4	0000	6
		_SPI1_ExchangeByte		CODE           	8FFC	0000	38

mcc_generated_files/spi1.c estimated size: 474

C:\Program Files\Microchip\xc8\v2.46\pic\sources\c99\common\memset.c
		_memset        		CODE           	89A4	0000	98

C:\Program Files\Microchip\xc8\v2.46\pic\sources\c99\common\memset.c estimated size: 98

adcc.c
		_ADCC_Initialize		CODE           	8A06	0000	98

adcc.c estimated size: 98

mcc_generated_files/fatfs/diskio.c
		_disk_initialize		CODE           	8D20	0000	72
		_disk_write    		CODE           	886E	0000	104
		_disk_status   		CODE           	86B4	0000	116
		_disk_ioctl    		CODE           	906C	0000	34
		_disk_read     		CODE           	88D6	0000	104

mcc_generated_files/fatfs/diskio.c estimated size: 430

fxls8974cf.c
		_fxls_get_whoami		CODE           	90CE	0000	30
		_fxls_init     		CODE           	7232	0000	300
		_fxls_get_prod_rev		CODE           	90EC	0000	30

fxls8974cf.c estimated size: 360

canlib/util/safe_ring_buffer.c
		_srb_init      		CODE           	84C8	0000	130

canlib/util/safe_ring_buffer.c estimated size: 130

C:\Program Files\Microchip\xc8\v2.46\pic\sources\c99\common\doprnt.c
		_vfpfcnvrt     		CODE           	5F28	0000	530
		_vfprintf      		CODE           	8CD4	0000	76

C:\Program Files\Microchip\xc8\v2.46\pic\sources\c99\common\doprnt.c estimated size: 606

C:\Program Files\Microchip\xc8\v2.46\pic\sources\c99\common\nf_sprintf.c
		_sprintf       		CODE           	8D68	0000	68

C:\Program Files\Microchip\xc8\v2.46\pic\sources\c99\common\nf_sprintf.c estimated size: 68

./common.h
		_RED_LED_ON    		CODE           	91CA	0000	4
		_RED_LED_OFF   		CODE           	91CE	0000	4
		_RED_LED_TOGGLE		CODE           	91BE	0000	4
		_BLUE_LED_TOGGLE		CODE           	91BA	0000	4
		_GREEN_LED_ON  		CODE           	91D2	0000	4
		_GREEN_LED_OFF 		CODE           	91D6	0000	4
		_BLUE_LED_ON   		CODE           	91DA	0000	4
		_BLUE_LED_OFF  		CODE           	91DE	0000	4

./common.h estimated size: 32

mcc_generated_files/drivers/spi_master.c
		_SDSLOW_open   		CODE           	91AC	0000	8
		_SDFAST_open   		CODE           	91A4	0000	8

mcc_generated_files/drivers/spi_master.c estimated size: 16

shared
		_ExCvt         		MEDIUMCONST    	FEC5	0000	128
		__initialization		CODE           	8796	0000	102
		_sdmmc_cmdtable		MEDIUMCONST    	FF45	0000	80
		_spiMaster     		MEDIUMCONST    	FF95	0000	40
		_spi1_configuration		MEDIUMCONST    	FFBD	0000	15
		i2_memcpy      		CODE           	8B24	0000	90

shared estimated size: 455

C:\Program Files\Microchip\xc8\v2.46\pic\sources\c99\common\__lldiv.c
		___lldiv       		CODE           	827A	0000	166

C:\Program Files\Microchip\xc8\v2.46\pic\sources\c99\common\__lldiv.c estimated size: 166

C:\Program Files\Microchip\xc8\v2.46\pic\sources\c99\common\putch.c
		_putch         		CODE           	91E2	0000	2

C:\Program Files\Microchip\xc8\v2.46\pic\sources\c99\common\putch.c estimated size: 2

mcc_generated_files/mcc.c
		_PMD_Initialize		CODE           	9048	0000	36
		_OSCILLATOR_Initialize		CODE           	9142	0000	24
		_SYSTEM_Initialize		CODE           	9170	0000	18

mcc_generated_files/mcc.c estimated size: 78

C:\Program Files\Microchip\xc8\v2.46\pic\sources\c99\common\memcpy.c
		_memcpy        		CODE           	8AC8	0000	92

C:\Program Files\Microchip\xc8\v2.46\pic\sources\c99\common\memcpy.c estimated size: 92

canlib/pic18f26k83/pic18f26k83_timer.c
		_millis        		CODE           	8FB0	0000	38
		_timer0_handle_interrupt		CODE           	9022	0000	38
		_timer0_init   		CODE           	90B0	0000	30

canlib/pic18f26k83/pic18f26k83_timer.c estimated size: 106

canlib/can_common.c
		_get_board_unique_id		CODE           	908E	0000	34
		_write_timestamp_3bytes		CODE           	8EA2	0000	58
		_build_board_stat_msg		CODE           	759A	0000	264
		_get_message_type		CODE           	8E2C	0000	60
		_get_reset_board_id		CODE           	8C80	0000	84

canlib/can_common.c estimated size: 500

C:\Program Files\Microchip\xc8\v2.46\pic\sources\c99\common\abs.c
		_abs           		CODE           	8F14	0000	54

C:\Program Files\Microchip\xc8\v2.46\pic\sources\c99\common\abs.c estimated size: 54

C:\Program Files\Microchip\xc8\v2.46\pic\sources\c99\common\awmod.c
		___awmod       		CODE           	8122	0000	178

C:\Program Files\Microchip\xc8\v2.46\pic\sources\c99\common\awmod.c estimated size: 178

main.c
		_send_status_err		CODE           	8DAC	0000	66
		_main          		CODE           	5888	0000	572
		_SET_ACCEL_I2C_ADDR		CODE           	910A	0000	30
		_send_status_ok		CODE           	7B7A	0000	222
		_can_msg_handler		CODE           	7E08	0000	208
		_interrupt_handler		CODE           	8BD6	0000	86

main.c estimated size: 1184

C:\Program Files\Microchip\xc8\v2.46\pic\sources\c99\common\Umul32.c
		___lmul        		CODE           	8802	0000	108

C:\Program Files\Microchip\xc8\v2.46\pic\sources\c99\common\Umul32.c estimated size: 108

mcc_generated_files/sd_spi/sd_spi.c
		_SD_SPI_IsWriteProtected		CODE           	91C2	0000	4
		_SD_SPI_IsMediaInitialized		CODE           	915A	0000	22
		_SD_SPI_DelayMilliseconds		CODE           	8728	0000	110
		_SD_SPI_IsMediaPresent		CODE           	91C6	0000	4
		_SD_SPI_SectorWrite		CODE           	6FAE	0000	322
		_SD_SPI_MediaInitialize		CODE           	1724	0000	2076
		_SD_SendCmd    		CODE           	3904	0000	1286
		_SD_SPI_AsyncReadTasks		CODE           	4726	0000	1106
		_SD_SPI_AsyncWriteTasks		CODE           	272E	0000	1734
		_SD_SPI_SectorRead		CODE           	70F0	0000	322

mcc_generated_files/sd_spi/sd_spi.c estimated size: 6986

