Microchip MPLAB XC8 Compiler V2.46

Linker command line:

-W-3 \
  --edf=C:\Program Files\Microchip\xc8\v2.46\pic\dat\20240104201356_en.msgs \
  -pivt0x8=08h -cn -h+dist/default/production\SDTest.X.production.sym \
  --cmf=dist/default/production\SDTest.X.production.cmf -z -Q18F26K83 \
  -oC:\Users\darea\AppData\Local\Temp\xcBsct0.1\driver_tmp_3.o \
  --defsym=__MPLAB_BUILD=1 --fixupoverflow=error \
  -Mdist/default/production/SDTest.X.production.map \
  --md=C:\Users\darea\AppData\Local\Temp\xcBsct0.1\driver_tmp_0.dat -E1 \
  -ver=XC8 Compiler --acfsm=1493 -ACODE=00h-0FFFFh -ACONST=00h-0FFFFh \
  -ASMALLCONST=01000h-010FFhx240 -AMEDIUMCONST=01000h-0FFFFh \
  -ACOMRAM=01h-05Fh -AABS1=00h-0FFFh -ABIGRAM=01h-0FFFh \
  -ARAM=060h-0FFh,0100h-01FFhx15 -ABANK0=060h-0FFh -ABANK1=0100h-01FFh \
  -ABANK2=0200h-02FFh -ABANK3=0300h-03FFh -ABANK4=0400h-04FFh \
  -ABANK5=0500h-05FFh -ABANK6=0600h-06FFh -ABANK7=0700h-07FFh \
  -ABANK8=0800h-08FFh -ABANK9=0900h-09FFh -ABANK10=0A00h-0AFFh \
  -ABANK11=0B00h-0BFFh -ABANK12=0C00h-0CFFh -ABANK13=0D00h-0DFFh \
  -ABANK14=0E00h-0EFFh -ABANK15=0F00h-0FFFh \
  -ASFR=03700h-037FFhx8,03F00h-03F5Fh,03F60h-03FFFh -ABIGSFR=03700h-03FFFh \
  -ACONFIG=0300000h-0300009h -AIDLOC=0200000h-020000Fh \
  -AEEDATA=0310000h-03103FFh -peeprom_data=EEDATA -preset_vec=00h \
  -ppowerup=CODE,init -pramtop=01000h -psmallconst=SMALLCONST \
  -pmediumconst=MEDIUMCONST -pconst=CONST -AFARRAM=00h-00h \
  -prdata=COMRAM,nvrram=COMRAM,nvbit=COMRAM,rbss=COMRAM,rbit=COMRAM \
  -pfarbss=FARRAM,fardata=FARRAM,nvFARRAM=FARRAM \
  -pintsave_regs=BIGRAM,bigbss=BIGRAM,bigdata=BIGRAM -pbss=RAM \
  -pidata=CODE,irdata=CODE,ibigdata=CODE,ifardata=CODE -prparam=COMRAM \
  C:\Users\darea\AppData\Local\Temp\xcBsct0.1\driver_tmp_9.o \
  dist/default/production\SDTest.X.production.o 

Object code version is 3.11

Machine type is 18F26K83



                Name                               Link     Load   Length Selector   Space Scale
C:\Users\darea\AppData\Local\Temp\xcBsct0.1\driver_tmp_9.o
                config                           300000   300000        A        0       4
                init                                 1A       1A        4        4       0
                reset_vec                             0        0        4        0       0
dist/default/production\SDTest.X.production.o
                config                           300000   300000        A        0       4
                mediumconst                        FEC8     FEC8      138     7F64       0
                ivt0x8                                8        8       12        4       0
                text105                            8D24     8D24        4     4675       0
                text104                            8D20     8D20        4     4675       0
                text103                            8D1C     8D1C        4     4675       0
                text102                            8D18     8D18        4     4675       0
                text101                            8D14     8D14        4     4675       0
                text100                            8D10     8D10        4     4675       0
                text99                             8BD4     8BD4       22        4       0
                text98                             89A8     89A8       3C        4       0
                text97                             888C     888C       54        4       0
                text96                             7C52     7C52       D0        4       0
                text95                             8730     8730       5A        4       0
                text94                             5F28     5F28      1FA        4       0
                text93                             8B68     8B68       26        4       0
                text92                             87E2     87E2       56        4       0
                text91                             8612     8612       62        4       0
                text90                             8C50     8C50       1E        4       0
                text89                             8C88     8C88       18        4       0
                text88                             8674     8674       60        4       0
                text87                             8B8E     8B8E       24        4       0
                text86                             8C6E     8C6E       1A        4       0
                text85                             8CB6     8CB6       12        4       0
                text84                             6122     6122      1F4        4       0
                text83                             6688     6688      17A        4       0
                text82                             7E86     7E86       A6        4       0
                text81                             896A     896A       3E        4       0
                text80                             7F2C     7F2C       98        4       0
                text79                             78D4     78D4       EE        4       0
                text78                             8CF2     8CF2        8     4675       0
                text77                             8CEA     8CEA        8     4675       0
                text76                             8B42     8B42       26        4       0
                text75                             86D4     86D4       5C        4       0
                text74                             3904     3904      506        4       0
                text73                             7DE0     7DE0       A6        4       0
                text72                             85B0     85B0       62        4       0
                text71                             4726     4726      452        4       0
                text70                             8CFA     8CFA        6     4675       0
                text69                             6EDE     6EDE      142        4       0
                text68                             84E2     84E2       68        4       0
                text67                             272E     272E      6C6        4       0
                text66                             6D9C     6D9C      142        4       0
                text65                             847A     847A       68        4       0
                text64                             6316     6316      1CA        4       0
                text63                             7B7E     7B7E       D4        4       0
                text62                             6AE4     6AE4      160        4       0
                text61                             8334     8334       6E        4       0
                text60                             840E     840E       6C        4       0
                text59                             1724     1724      81C        4       0
                text58                             88E0     88E0       48        4       0
                text57                             8CA0     8CA0       16        4       0
                text56                             8D0C     8D0C        4     4675       0
                text55                             8D08     8D08        4     4675       0
                text54                             82C0     82C0       74        4       0
                text53                             6802     6802      172        4       0
                text52                             7D22     7D22       BE        4       0
                text51                               1E       1E      EB4        4       0
                text50                             79C2     79C2       E0        4       0
                text49                             8AC6     8AC6       30        4       0
                text48                             76CE     76CE      104        4       0
                text47                             75CA     75CA      104        4       0
                text46                             854A     854A       66        4       0
                text45                             8C32     8C32       1E        4       0
                text44                             8C14     8C14       1E        4       0
                text43                             8B1C     8B1C       26        4       0
                text42                             715A     715A      12C        4       0
                text41                             8D04     8D04        4     4675       0
                text40                             8A1E     8A1E       3A        4       0
                text39                             74C2     74C2      108        4       0
                text38                             73B0     73B0      112        4       0
                text37                             8AF6     8AF6       26        4       0
                text36                             8928     8928       42        4       0
                text35                             8D00     8D00        4     4675       0
                text34                             8A90     8A90       36        4       0
                text33                             8838     8838       54        4       0
                text32                             8BB2     8BB2       22        4       0
                text31                             89E4     89E4       3A        4       0
                text30                             804E     804E       86        4       0
                text29                             5AC4     5AC4      23A        4       0
                text28                             7286     7286      12A        4       0
                text27                             5CFE     5CFE      22A        4       0
                text26                             878A     878A       58        4       0
                text25                             4B78     4B78      418        4       0
                text24                             33E0     33E0      524        4       0
                text23                             2DF4     2DF4      5EC        4       0
                text22                             7AA2     7AA2       DC        4       0
                text21                             6C44     6C44      158        4       0
                text20                             42B4     42B4      472        4       0
                text19                             4F90     4F90      402        4       0
                text18                             6974     6974      170        4       0
                text17                             8156     8156       80        4       0
                text16                             77D2     77D2      102        4       0
                text15                             824C     824C       74        4       0
                text14                             8CD4     8CD4        C        4       0
                text13                             8CC8     8CC8        C        4       0
                text12                             3E0A     3E0A      4AA        4       0
                text11                             64E0     64E0      1A8        4       0
                text10                             7FC4     7FC4       8A        4       0
                text9                              5392     5392      2B4        4       0
                text8                              5646     5646      242        4       0
                text7                              1F40     1F40      7EE        4       0
                text6                               ED2      ED2      852        4       0
                text5                              7020     7020      13A        4       0
                text4                              8BF6     8BF6       1E        4       0
                text3                              81D6     81D6       76        4       0
                text2                              80D4     80D4       82        4       0
                text1                              8A58     8A58       38        4       0
                text0                              5888     5888      23C        4       0
                cstackCOMRAM                          1        1       2C        1       1
                cstackBANK0                          60       60       A0       60       1
                cstackBANK1                         100      100       B3      100       1
                bssBIGRAM                           264      264      455      264       1
                bssBANK2                            200      200       64      200       1
                bssBANK1                            1B3      1B3       27      100       1
                dataCOMRAM                           4F       4F        9        1       1
                bssCOMRAM                            2D       2D       22        1       1
                cinit                              83A2     83A2       6C        4       0
                idataCOMRAM                        8CE0     8CE0        9        4       0

TOTAL           Name                               Link     Load   Length     Space
        CLASS   CODE           
                init                                 1A       1A        4         0
                reset_vec                             0        0        4         0
                ivt0x8                                8        8       12         0
                text105                            8D24     8D24        4         0
                text104                            8D20     8D20        4         0
                text103                            8D1C     8D1C        4         0
                text102                            8D18     8D18        4         0
                text101                            8D14     8D14        4         0
                text100                            8D10     8D10        4         0
                text99                             8BD4     8BD4       22         0
                text98                             89A8     89A8       3C         0
                text97                             888C     888C       54         0
                text96                             7C52     7C52       D0         0
                text95                             8730     8730       5A         0
                text94                             5F28     5F28      1FA         0
                text93                             8B68     8B68       26         0
                text92                             87E2     87E2       56         0
                text91                             8612     8612       62         0
                text90                             8C50     8C50       1E         0
                text89                             8C88     8C88       18         0
                text88                             8674     8674       60         0
                text87                             8B8E     8B8E       24         0
                text86                             8C6E     8C6E       1A         0
                text85                             8CB6     8CB6       12         0
                text84                             6122     6122      1F4         0
                text83                             6688     6688      17A         0
                text82                             7E86     7E86       A6         0
                text81                             896A     896A       3E         0
                text80                             7F2C     7F2C       98         0
                text79                             78D4     78D4       EE         0
                text78                             8CF2     8CF2        8         0
                text77                             8CEA     8CEA        8         0
                text76                             8B42     8B42       26         0
                text75                             86D4     86D4       5C         0
                text74                             3904     3904      506         0
                text73                             7DE0     7DE0       A6         0
                text72                             85B0     85B0       62         0
                text71                             4726     4726      452         0
                text70                             8CFA     8CFA        6         0
                text69                             6EDE     6EDE      142         0
                text68                             84E2     84E2       68         0
                text67                             272E     272E      6C6         0
                text66                             6D9C     6D9C      142         0
                text65                             847A     847A       68         0
                text64                             6316     6316      1CA         0
                text63                             7B7E     7B7E       D4         0
                text62                             6AE4     6AE4      160         0
                text61                             8334     8334       6E         0
                text60                             840E     840E       6C         0
                text59                             1724     1724      81C         0
                text58                             88E0     88E0       48         0
                text57                             8CA0     8CA0       16         0
                text56                             8D0C     8D0C        4         0
                text55                             8D08     8D08        4         0
                text54                             82C0     82C0       74         0
                text53                             6802     6802      172         0
                text52                             7D22     7D22       BE         0
                text51                               1E       1E      EB4         0
                text50                             79C2     79C2       E0         0
                text49                             8AC6     8AC6       30         0
                text48                             76CE     76CE      104         0
                text47                             75CA     75CA      104         0
                text46                             854A     854A       66         0
                text45                             8C32     8C32       1E         0
                text44                             8C14     8C14       1E         0
                text43                             8B1C     8B1C       26         0
                text42                             715A     715A      12C         0
                text41                             8D04     8D04        4         0
                text40                             8A1E     8A1E       3A         0
                text39                             74C2     74C2      108         0
                text38                             73B0     73B0      112         0
                text37                             8AF6     8AF6       26         0
                text36                             8928     8928       42         0
                text35                             8D00     8D00        4         0
                text34                             8A90     8A90       36         0
                text33                             8838     8838       54         0
                text32                             8BB2     8BB2       22         0
                text31                             89E4     89E4       3A         0
                text30                             804E     804E       86         0
                text29                             5AC4     5AC4      23A         0
                text28                             7286     7286      12A         0
                text27                             5CFE     5CFE      22A         0
                text26                             878A     878A       58         0
                text25                             4B78     4B78      418         0
                text24                             33E0     33E0      524         0
                text23                             2DF4     2DF4      5EC         0
                text22                             7AA2     7AA2       DC         0
                text21                             6C44     6C44      158         0
                text20                             42B4     42B4      472         0
                text19                             4F90     4F90      402         0
                text18                             6974     6974      170         0
                text17                             8156     8156       80         0
                text16                             77D2     77D2      102         0
                text15                             824C     824C       74         0
                text14                             8CD4     8CD4        C         0
                text13                             8CC8     8CC8        C         0
                text12                             3E0A     3E0A      4AA         0
                text11                             64E0     64E0      1A8         0
                text10                             7FC4     7FC4       8A         0
                text9                              5392     5392      2B4         0
                text8                              5646     5646      242         0
                text7                              1F40     1F40      7EE         0
                text6                               ED2      ED2      852         0
                text5                              7020     7020      13A         0
                text4                              8BF6     8BF6       1E         0
                text3                              81D6     81D6       76         0
                text2                              80D4     80D4       82         0
                text1                              8A58     8A58       38         0
                text0                              5888     5888      23C         0
                cinit                              83A2     83A2       6C         0
                idataCOMRAM                        8CE0     8CE0        9         0

        CLASS   CONST          

        CLASS   SMALLCONST     

        CLASS   MEDIUMCONST    
                mediumconst                        FEC8     FEC8      138         0

        CLASS   COMRAM         
                cstackCOMRAM                          1        1       2C         1
                dataCOMRAM                           4F       4F        9         1
                bssCOMRAM                            2D       2D       22         1

        CLASS   ABS1           

        CLASS   BIGRAM         
                bssBIGRAM                           264      264      455         1

        CLASS   RAM            

        CLASS   BANK0          
                cstackBANK0                          60       60       A0         1

        CLASS   BANK1          
                cstackBANK1                         100      100       B3         1
                bssBANK1                            1B3      1B3       27         1

        CLASS   BANK2          
                bssBANK2                            200      200       64         1

        CLASS   BANK3          

        CLASS   BANK4          

        CLASS   BANK5          

        CLASS   BANK6          

        CLASS   BANK7          

        CLASS   BANK8          

        CLASS   BANK9          

        CLASS   BANK10         

        CLASS   BANK11         

        CLASS   BANK12         

        CLASS   BANK13         

        CLASS   BANK14         

        CLASS   BANK15         

        CLASS   SFR            

        CLASS   BIGSFR         

        CLASS   CONFIG         
                config                           300000   300000        A         4

        CLASS   IDLOC          

        CLASS   EEDATA         

        CLASS   FARRAM         

        CLASS   HEAP           

        CLASS   STACK          



SEGMENTS        Name                           Load    Length   Top    Selector   Space  Class

                reset_vec                      000000  000004  000004         0       0  CODE    
                cstackCOMRAM                   000001  000057  000058         1       1  COMRAM  
                ivt0x8                         000008  008CE1  008CE9         4       0  CODE    
                cstackBANK0                    000060  0000A0  000100        60       1  BANK0   
                cstackBANK1                    000100  0000DA  0001DA       100       1  BANK1   
                bssBANK2                       000200  000064  000264       200       1  BANK2   
                bssBIGRAM                      000264  000455  0006B9       264       1  BIGRAM  
                text77                         008CEA  00003E  008D28      4675       0  CODE    
                mediumconst                    00FEC8  000138  010000      7F64       0  MEDIUMCO


UNUSED ADDRESS RANGES

        Name                Unused          Largest block    Delta
        BANK1            0001DA-0001FF               26
        BANK10           000A00-000AFF              100
        BANK11           000B00-000BFF              100
        BANK12           000C00-000CFF              100
        BANK13           000D00-000DFF              100
        BANK14           000E00-000EFF              100
        BANK15           000F00-000FFF              100
        BANK6            0006B9-0006FF               47
        BANK7            000700-0007FF              100
        BANK8            000800-0008FF              100
        BANK9            000900-0009FF              100
        BIGRAM           000058-00005F                8
                         0001DA-0001FF               26
                         0006B9-000FFF              947
        BIGSFR           003700-003FFF              900
        CODE             000004-000007                4
                         008CE9-008CE9                1
                         008D28-00FEC7             71A0
        COMRAM           000058-00005F                8
        CONST            000004-000007                4
                         008CE9-008CE9                1
                         008D28-00FEC7             71A0
        EEDATA           310000-3103FF              400
        IDLOC            200000-20000F               10
        MEDIUMCONST      008CE9-008CE9                1
                         008D28-00FEC7             71A0
        RAM              0001DA-0001FF               26
                         0006B9-000FFF              100
        SFR              003700-003FFF              100
        SMALLCONST       008CE9-008CE9                1
                         008D28-00FEC7              100

                                  Symbol Table

?_SD_SendCmd                              cstackBANK0  00006B
?___lldiv                                 cstackBANK0  000060
?___lmul                                  cstackBANK0  000060
?___lwdiv                                 cstackBANK0  000060
?_chk_chr                                 cstackBANK0  000060
?_clst2sect                               cstackBANK0  00006C
?_create_chain                            cstackBANK0  0000F4
?_dbc_1st                                 cstackBANK0  000060
?_dbc_2nd                                 cstackBANK0  000060
?_get_fat                                 cstackBANK0  0000D3
?_get_ldnumber                            cstackBANK0  000060
?_get_message_type                        cstackCOMRAM 000001
?_get_reset_board_id                      cstackCOMRAM 000005
?_ld_clust                                cstackBANK0  000067
?_ld_dword                                cstackBANK0  000060
?_ld_word                                 cstackBANK0  000060
?_mem_cmp                                 cstackBANK0  000060
?_millis                                  cstackBANK0  000060
IVTBASEH                                  (abs)        003FD6
IVTBASEL                                  (abs)        003FD5
IVTBASEU                                  (abs)        003FD7
SD_SPI_AsyncReadTasks@SingleBlockRead     bssCOMRAM    00004B
SD_SPI_AsyncReadTasks@bData               cstackBANK0  00008C
SD_SPI_AsyncReadTasks@blockCounter        bssCOMRAM    000044
SD_SPI_AsyncReadTasks@info                cstackBANK0  000082
SD_SPI_AsyncReadTasks@longTimeoutCounter  bssBANK1     0001B3
SD_SPI_AsyncReadTasks@response            cstackBANK0  000087
SD_SPI_AsyncWriteTasks@WriteTimeout       bssCOMRAM    00003A
SD_SPI_AsyncWriteTasks@blockCounter       bssCOMRAM    000042
SD_SPI_AsyncWriteTasks@command            bssCOMRAM    000049
SD_SPI_AsyncWriteTasks@data_byte          bssCOMRAM    00004A
SD_SPI_AsyncWriteTasks@info               cstackBANK0  000082
SD_SPI_AsyncWriteTasks@preEraseBlockCount cstackBANK0  00008C
SD_SPI_AsyncWriteTasks@response           cstackBANK0  000087
SD_SPI_DelayMilliseconds@milliseconds     cstackBANK0  000063
SD_SPI_DelayMilliseconds@timeout          cstackBANK0  000064
SD_SPI_MediaInitialize@CSDResponse        cstackBANK0  00008D
SD_SPI_MediaInitialize@block_len          cstackBANK0  0000A7
SD_SPI_MediaInitialize@c_size             cstackBANK0  0000A9
SD_SPI_MediaInitialize@c_size_mult        cstackBANK0  0000A5
SD_SPI_MediaInitialize@count              cstackBANK0  0000A8
SD_SPI_MediaInitialize@index              cstackBANK0  0000A6
SD_SPI_MediaInitialize@response           cstackBANK0  0000AD
SD_SPI_MediaInitialize@timeout            cstackBANK0  0000B2
SD_SPI_SectorRead@buffer                  cstackBANK0  000091
SD_SPI_SectorRead@i                       cstackBANK0  000099
SD_SPI_SectorRead@info                    cstackBANK0  00009B
SD_SPI_SectorRead@result                  cstackBANK0  000097
SD_SPI_SectorRead@sector_address          cstackBANK0  00008D
SD_SPI_SectorRead@sector_count            cstackBANK0  000093
SD_SPI_SectorRead@status                  cstackBANK0  000098
SD_SPI_SectorWrite@buffer                 cstackBANK0  000094
SD_SPI_SectorWrite@i                      cstackBANK0  00009C
SD_SPI_SectorWrite@info                   cstackBANK0  00009E
SD_SPI_SectorWrite@result                 cstackBANK0  00009A
SD_SPI_SectorWrite@sector_address         cstackBANK0  000090
SD_SPI_SectorWrite@sector_count           cstackBANK0  000096
SD_SPI_SectorWrite@status                 cstackBANK0  00009B
SD_SendCmd@address                        cstackBANK0  00006B
SD_SendCmd@address_bytes                  cstackBANK0  000078
SD_SendCmd@cmd                            cstackBANK0  00007C
SD_SendCmd@longTimeout                    cstackBANK0  000072
SD_SendCmd@response                       cstackBANK0  00007D
SD_SendCmd@timeout                        cstackBANK0  000076
SET_ACCEL_I2C_ADDR@addr                   cstackBANK0  000060
SPI1_ExchangeBlock@block                  cstackBANK0  000060
SPI1_ExchangeBlock@blockSize              cstackBANK0  000062
SPI1_ExchangeBlock@data                   cstackBANK0  000064
SPI1_ExchangeByte@data                    cstackBANK0  000060
SPI1_Open@spi1UniqueConfiguration         cstackBANK0  000061
_ADACCH                                   (abs)        003EE9
_ADACCL                                   (abs)        003EE8
_ADACCU                                   (abs)        003EEA
_ADACQH                                   (abs)        003EF4
_ADACQL                                   (abs)        003EF3
_ADACT                                    (abs)        003EFE
_ADCAP                                    (abs)        003EF5
_ADCC_Initialize                          text91       008612
_ADCLK                                    (abs)        003EFF
_ADCNT                                    (abs)        003EEB
_ADCON0                                   (abs)        003EF8
_ADCON0bits                               (abs)        003EF8
_ADCON1                                   (abs)        003EF9
_ADCON1bits                               (abs)        003EF9
_ADCON2                                   (abs)        003EFA
_ADCON2bits                               (abs)        003EFA
_ADCON3                                   (abs)        003EFB
_ADCON3bits                               (abs)        003EFB
_ADERRH                                   (abs)        003EE3
_ADERRL                                   (abs)        003EE2
_ADFLTRH                                  (abs)        003EE7
_ADFLTRL                                  (abs)        003EE6
_ADLTHH                                   (abs)        003EDF
_ADLTHL                                   (abs)        003EDE
_ADPCH                                    (abs)        003EF1
_ADPREH                                   (abs)        003EF7
_ADPREL                                   (abs)        003EF6
_ADPREVH                                  (abs)        003EEE
_ADPREVL                                  (abs)        003EED
_ADREF                                    (abs)        003EFD
_ADRESH                                   (abs)        003EF0
_ADRESL                                   (abs)        003EEF
_ADRPT                                    (abs)        003EEC
_ADSTAT                                   (abs)        003EFC
_ADSTATbits                               (abs)        003EFC
_ADSTPTH                                  (abs)        003EE5
_ADSTPTL                                  (abs)        003EE4
_ADUTHH                                   (abs)        003EE1
_ADUTHL                                   (abs)        003EE0
_ANSELA                                   (abs)        003A40
_ANSELB                                   (abs)        003A50
_ANSELC                                   (abs)        003A60
_ANSELC0                                  (abs)        01D300
_BLUE_LED_OFF                             text105      008D24
_BLUE_LED_ON                              text104      008D20
_BLUE_LED_TOGGLE                          text35       008D00
_BRGCON1bits                              (abs)        003703
_BRGCON2bits                              (abs)        003704
_BRGCON3bits                              (abs)        003705
_CANCONbits                               (abs)        003F8F
_CANRXPPS                                 (abs)        003AED
_CANSTATbits                              (abs)        003F8E
_CIOCONbits                               (abs)        003700
_CLKRCLK                                  (abs)        003CE6
_CLKRCON                                  (abs)        003CE5
_COMSTATbits                              (abs)        003F90
_CurrVol                                  bssCOMRAM    00004C
_ECANCONbits                              (abs)        003F91
_ExCvt                                    mediumconst  00FEC9
_FatFs                                    bssBIGRAM    000264
_FatFs@ff$F2407                           bssBANK1     0001C2
_Fil                                      bssBIGRAM    000497
_Fsid                                     bssBANK1     0001C0
_GREEN_LED_OFF                            text103      008D1C
_GREEN_LED_ON                             text102      008D18
_I2C1ADB1                                 (abs)        003D6E
_I2C1CLK                                  (abs)        003D7B
_I2C1CNT                                  (abs)        003D6C
_I2C1CON0                                 (abs)        003D73
_I2C1CON0bits                             (abs)        003D73
_I2C1CON1                                 (abs)        003D74
_I2C1CON2                                 (abs)        003D75
_I2C1ERR                                  (abs)        003D76
_I2C1ERRbits                              (abs)        003D76
_I2C1PIR                                  (abs)        003D79
_I2C1PIRbits                              (abs)        003D79
_I2C1RXB                                  (abs)        003D6A
_I2C1STAT1bits                            (abs)        003D78
_I2C1TXB                                  (abs)        003D6B
_INLVLA                                   (abs)        003A44
_INLVLB                                   (abs)        003A54
_INLVLC                                   (abs)        003A64
_INLVLE                                   (abs)        003A84
_INTCON0bits                              (abs)        003FD2
_LATA                                     (abs)        003FBA
_LATA2                                    (abs)        01FDD2
_LATA3                                    (abs)        01FDD3
_LATA4                                    (abs)        01FDD4
_LATAbits                                 (abs)        003FBA
_LATB                                     (abs)        003FBB
_LATB3                                    (abs)        01FDDB
_LATC                                     (abs)        003FBC
_LATC2                                    (abs)        01FDE2
_LATC6                                    (abs)        01FDE6
_ODCONA                                   (abs)        003A42
_ODCONB                                   (abs)        003A52
_ODCONC                                   (abs)        003A62
_OSCCON1                                  (abs)        0039D9
_OSCCON3                                  (abs)        0039DB
_OSCEN                                    (abs)        0039DD
_OSCFRQ                                   (abs)        0039DF
_OSCILLATOR_Initialize                    text89       008C88
_OSCTUNE                                  (abs)        0039DE
_PIE3bits                                 (abs)        003993
_PIE5bits                                 (abs)        003995
_PIN_MANAGER_Initialize                   text88       008674
_PIR1bits                                 (abs)        0039A1
_PIR2bits                                 (abs)        0039A2
_PIR3bits                                 (abs)        0039A3
_PIR5                                     (abs)        0039A5
_PIR5bits                                 (abs)        0039A5
_PMD0                                     (abs)        0039C0
_PMD1                                     (abs)        0039C1
_PMD2                                     (abs)        0039C2
_PMD3                                     (abs)        0039C3
_PMD4                                     (abs)        0039C4
_PMD5                                     (abs)        0039C5
_PMD6                                     (abs)        0039C6
_PMD7                                     (abs)        0039C7
_PMD_Initialize                           text87       008B8E
_RC1PPS                                   (abs)        003A11
_RC3PPS                                   (abs)        003A13
_RC5PPS                                   (abs)        003A15
_RED_LED_OFF                              text101      008D14
_RED_LED_ON                               text100      008D10
_RED_LED_TOGGLE                           text41       008D04
_RXB0CONbits                              (abs)        003F80
_RXB0D0                                   (abs)        003F86
_RXB0DLCbits                              (abs)        003F85
_RXB0SIDH                                 (abs)        003F81
_RXB0SIDL                                 (abs)        003F82
_RXB1CONbits                              (abs)        0037F0
_RXB1D0                                   (abs)        0037F6
_RXB1DLCbits                              (abs)        0037F5
_RXB1SIDH                                 (abs)        0037F1
_RXB1SIDL                                 (abs)        0037F2
_RXM0SIDH                                 (abs)        0037B8
_RXM0SIDL                                 (abs)        0037B9
_RXM1SIDH                                 (abs)        0037BC
_RXM1SIDL                                 (abs)        0037BD
_SDFAST_open                              text77       008CEA
_SDSLOW_open                              text78       008CF2
_SD_SPI_AsyncReadTasks                    text71       004726
_SD_SPI_AsyncWriteTasks                   text67       00272E
_SD_SPI_DelayMilliseconds                 text61       008334
_SD_SPI_IsMediaInitialized                text57       008CA0
_SD_SPI_IsMediaPresent                    text56       008D0C
_SD_SPI_IsWriteProtected                  text55       008D08
_SD_SPI_MediaInitialize                   text59       001724
_SD_SPI_MediaInitialize$6394              cstackBANK0  0000A1
_SD_SPI_SectorRead                        text69       006EDE
_SD_SPI_SectorWrite                       text66       006D9C
_SD_SendCmd                               text74       003904
_SET_ACCEL_I2C_ADDR                       text90       008C50
_SLRCONA                                  (abs)        003A43
_SLRCONB                                  (abs)        003A53
_SLRCONC                                  (abs)        003A63
_SPI1BAUD                                 (abs)        003D19
_SPI1CLK                                  (abs)        003D1C
_SPI1CON0                                 (abs)        003D14
_SPI1CON0bits                             (abs)        003D14
_SPI1CON1                                 (abs)        003D15
_SPI1CON2                                 (abs)        003D16
_SPI1RXB                                  (abs)        003D10
_SPI1SCKPPS                               (abs)        003AE0
_SPI1SDIPPS                               (abs)        003AE1
_SPI1TCNTL                                (abs)        003D12
_SPI1TXB                                  (abs)        003D11
_SPI1_Close                               text70       008CFA
_SPI1_ExchangeBlock                       text73       007DE0
_SPI1_ExchangeByte                        text76       008B42
_SPI1_Initialize                          text86       008C6E
_SPI1_Open                                text79       0078D4
_SPI1_ReadBlock                           (abs)        000000
_SPI1_ReadByte                            (abs)        000000
_SPI1_WriteBlock                          (abs)        000000
_SPI1_WriteByte                           (abs)        000000
_SYSTEM_Initialize                        text85       008CB6
_T0CON0bits                               (abs)        003FB8
_T0CON1bits                               (abs)        003FB9
_TRISA                                    (abs)        003FC2
_TRISA2                                   (abs)        01FE12
_TRISA3                                   (abs)        01FE13
_TRISA4                                   (abs)        01FE14
_TRISB                                    (abs)        003FC3
_TRISB3                                   (abs)        01FE1B
_TRISC                                    (abs)        003FC4
_TRISC0                                   (abs)        01FE20
_TRISC1                                   (abs)        01FE21
_TRISC2                                   (abs)        01FE22
_TRISC6                                   (abs)        01FE26
_TRISCbits                                (abs)        003FC4
_TXB0CONbits                              (abs)        0037E0
_TXB0D0                                   (abs)        0037E6
_TXB0DLCbits                              (abs)        0037E5
_TXB0SIDH                                 (abs)        0037E1
_TXB0SIDL                                 (abs)        0037E2
_WPUA                                     (abs)        003A41
_WPUB                                     (abs)        003A51
_WPUC                                     (abs)        003A61
_WPUE                                     (abs)        003A81
__HRAM                                    (abs)        000000
__H__absolute__                           __absolute__ 000000
__Habs1                                   abs1         000000
__Hbank0                                  bank0        000000
__Hbank1                                  bank1        000000
__Hbank10                                 bank10       000000
__Hbank11                                 bank11       000000
__Hbank12                                 bank12       000000
__Hbank13                                 bank13       000000
__Hbank14                                 bank14       000000
__Hbank15                                 bank15       000000
__Hbank2                                  bank2        000000
__Hbank3                                  bank3        000000
__Hbank4                                  bank4        000000
__Hbank5                                  bank5        000000
__Hbank6                                  bank6        000000
__Hbank7                                  bank7        000000
__Hbank8                                  bank8        000000
__Hbank9                                  bank9        000000
__Hbigbss                                 bigbss       000000
__Hbigdata                                bigdata      000000
__Hbigram                                 bigram       000000
__Hbigsfr                                 bigsfr       000000
__Hbss                                    bss          000000
__HbssBANK1                               bssBANK1     000000
__HbssBANK2                               bssBANK2     000000
__HbssBIGRAM                              bssBIGRAM    000000
__HbssCOMRAM                              bssCOMRAM    000000
__Hcinit                                  cinit        000000
__Hclrtext                                clrtext      000000
__Hcomram                                 comram       000000
__Hconfig                                 config       30000A
__Hconst                                  const        000000
__HcstackBANK0                            cstackBANK0  000000
__HcstackBANK1                            cstackBANK1  000000
__HcstackCOMRAM                           cstackCOMRAM 000000
__Hdata                                   data         000000
__HdataCOMRAM                             dataCOMRAM   000000
__Heeprom_data                            eeprom_data  000000
__Hfarbss                                 farbss       000000
__Hfardata                                fardata      000000
__Hheap                                   heap         000000
__Hibigdata                               ibigdata     000000
__Hidata                                  idata        000000
__HidataCOMRAM                            idataCOMRAM  000000
__Hidloc                                  idloc        000000
__Hifardata                               ifardata     000000
__Hinit                                   init         00001E
__Hintsave_regs                           intsave_regs 000000
__Hirdata                                 irdata       000000
__Hivt0x8                                 ivt0x8       00001A
__Hmediumconst                            mediumconst  010000
__HnvFARRAM                               nvFARRAM     000000
__Hnvbit                                  nvbit        000000
__Hnvrram                                 nvrram       000000
__Hparam                                  rparam       000000
__Hpowerup                                powerup      000000
__Hram                                    ram          000000
__Hramtop                                 ramtop       001000
__Hrbit                                   rbit         000000
__Hrbss                                   rbss         000000
__Hrdata                                  rdata        000000
__Hreset_vec                              reset_vec    000004
__Hrparam                                 rparam       000000
__Hsfr                                    sfr          000000
__Hsmallconst                             smallconst   000000
__Hspace_0                                (abs)        010000
__Hspace_1                                (abs)        0006B9
__Hspace_2                                (abs)        000000
__Hspace_4                                (abs)        60000A
__Hstack                                  stack        000000
__Hstruct                                 struct       000000
__Htemp                                   temp         000000
__Htext                                   text         000000
__Htext0                                  text0        000000
__Htext1                                  text1        000000
__Htext10                                 text10       000000
__Htext100                                text100      000000
__Htext101                                text101      000000
__Htext102                                text102      000000
__Htext103                                text103      000000
__Htext104                                text104      000000
__Htext105                                text105      000000
__Htext11                                 text11       000000
__Htext12                                 text12       000000
__Htext13                                 text13       000000
__Htext14                                 text14       000000
__Htext15                                 text15       000000
__Htext16                                 text16       000000
__Htext17                                 text17       000000
__Htext18                                 text18       000000
__Htext19                                 text19       000000
__Htext2                                  text2        000000
__Htext20                                 text20       000000
__Htext21                                 text21       000000
__Htext22                                 text22       000000
__Htext23                                 text23       000000
__Htext24                                 text24       000000
__Htext25                                 text25       000000
__Htext26                                 text26       000000
__Htext27                                 text27       000000
__Htext28                                 text28       000000
__Htext29                                 text29       000000
__Htext3                                  text3        000000
__Htext30                                 text30       000000
__Htext31                                 text31       000000
__Htext32                                 text32       000000
__Htext33                                 text33       000000
__Htext34                                 text34       000000
__Htext35                                 text35       000000
__Htext36                                 text36       000000
__Htext37                                 text37       000000
__Htext38                                 text38       000000
__Htext39                                 text39       000000
__Htext4                                  text4        000000
__Htext40                                 text40       000000
__Htext41                                 text41       000000
__Htext42                                 text42       000000
__Htext43                                 text43       000000
__Htext44                                 text44       000000
__Htext45                                 text45       000000
__Htext46                                 text46       000000
__Htext47                                 text47       000000
__Htext48                                 text48       000000
__Htext49                                 text49       000000
__Htext5                                  text5        000000
__Htext50                                 text50       000000
__Htext51                                 text51       000000
__Htext52                                 text52       000000
__Htext53                                 text53       000000
__Htext54                                 text54       000000
__Htext55                                 text55       000000
__Htext56                                 text56       000000
__Htext57                                 text57       000000
__Htext58                                 text58       000000
__Htext59                                 text59       000000
__Htext6                                  text6        000000
__Htext60                                 text60       000000
__Htext61                                 text61       000000
__Htext62                                 text62       000000
__Htext63                                 text63       000000
__Htext64                                 text64       000000
__Htext65                                 text65       000000
__Htext66                                 text66       000000
__Htext67                                 text67       000000
__Htext68                                 text68       000000
__Htext69                                 text69       000000
__Htext7                                  text7        000000
__Htext70                                 text70       000000
__Htext71                                 text71       000000
__Htext72                                 text72       000000
__Htext73                                 text73       000000
__Htext74                                 text74       000000
__Htext75                                 text75       000000
__Htext76                                 text76       000000
__Htext77                                 text77       000000
__Htext78                                 text78       000000
__Htext79                                 text79       000000
__Htext8                                  text8        000000
__Htext80                                 text80       000000
__Htext81                                 text81       000000
__Htext82                                 text82       000000
__Htext83                                 text83       000000
__Htext84                                 text84       000000
__Htext85                                 text85       000000
__Htext86                                 text86       000000
__Htext87                                 text87       000000
__Htext88                                 text88       000000
__Htext89                                 text89       000000
__Htext9                                  text9        000000
__Htext90                                 text90       000000
__Htext91                                 text91       000000
__Htext92                                 text92       000000
__Htext93                                 text93       000000
__Htext94                                 text94       000000
__Htext95                                 text95       000000
__Htext96                                 text96       000000
__Htext97                                 text97       000000
__Htext98                                 text98       000000
__Htext99                                 text99       000000
__LRAM                                    (abs)        000001
__L__absolute__                           __absolute__ 000000
__Labs1                                   abs1         000000
__Lbank0                                  bank0        000000
__Lbank1                                  bank1        000000
__Lbank10                                 bank10       000000
__Lbank11                                 bank11       000000
__Lbank12                                 bank12       000000
__Lbank13                                 bank13       000000
__Lbank14                                 bank14       000000
__Lbank15                                 bank15       000000
__Lbank2                                  bank2        000000
__Lbank3                                  bank3        000000
__Lbank4                                  bank4        000000
__Lbank5                                  bank5        000000
__Lbank6                                  bank6        000000
__Lbank7                                  bank7        000000
__Lbank8                                  bank8        000000
__Lbank9                                  bank9        000000
__Lbigbss                                 bigbss       000000
__Lbigdata                                bigdata      000000
__Lbigram                                 bigram       000000
__Lbigsfr                                 bigsfr       000000
__Lbss                                    bss          000000
__LbssBANK1                               bssBANK1     000000
__LbssBANK2                               bssBANK2     000000
__LbssBIGRAM                              bssBIGRAM    000000
__LbssCOMRAM                              bssCOMRAM    000000
__Lcinit                                  cinit        000000
__Lclrtext                                clrtext      000000
__Lcomram                                 comram       000000
__Lconfig                                 config       000000
__Lconst                                  const        000000
__LcstackBANK0                            cstackBANK0  000000
__LcstackBANK1                            cstackBANK1  000000
__LcstackCOMRAM                           cstackCOMRAM 000000
__Ldata                                   data         000000
__LdataCOMRAM                             dataCOMRAM   000000
__Leeprom_data                            eeprom_data  000000
__Lfarbss                                 farbss       000000
__Lfardata                                fardata      000000
__Lheap                                   heap         000000
__Libigdata                               ibigdata     000000
__Lidata                                  idata        000000
__LidataCOMRAM                            idataCOMRAM  000000
__Lidloc                                  idloc        000000
__Lifardata                               ifardata     000000
__Linit                                   init         00001A
__Lintsave_regs                           intsave_regs 000000
__Lirdata                                 irdata       000000
__Livt0x8                                 ivt0x8       000008
__Lmediumconst                            mediumconst  00FEC8
__LnvFARRAM                               nvFARRAM     000000
__Lnvbit                                  nvbit        000000
__Lnvrram                                 nvrram       000000
__Lparam                                  rparam       000000
__Lpowerup                                powerup      000000
__Lram                                    ram          000000
__Lramtop                                 ramtop       001000
__Lrbit                                   rbit         000000
__Lrbss                                   rbss         000000
__Lrdata                                  rdata        000000
__Lreset_vec                              reset_vec    000000
__Lrparam                                 rparam       000000
__Lsfr                                    sfr          000000
__Lsmallconst                             smallconst   000000
__Lspace_0                                (abs)        000000
__Lspace_1                                (abs)        000000
__Lspace_2                                (abs)        000000
__Lspace_4                                (abs)        000000
__Lstack                                  stack        000000
__Lstruct                                 struct       000000
__Ltemp                                   temp         000000
__Ltext                                   text         000000
__Ltext0                                  text0        000000
__Ltext1                                  text1        000000
__Ltext10                                 text10       000000
__Ltext100                                text100      000000
__Ltext101                                text101      000000
__Ltext102                                text102      000000
__Ltext103                                text103      000000
__Ltext104                                text104      000000
__Ltext105                                text105      000000
__Ltext11                                 text11       000000
__Ltext12                                 text12       000000
__Ltext13                                 text13       000000
__Ltext14                                 text14       000000
__Ltext15                                 text15       000000
__Ltext16                                 text16       000000
__Ltext17                                 text17       000000
__Ltext18                                 text18       000000
__Ltext19                                 text19       000000
__Ltext2                                  text2        000000
__Ltext20                                 text20       000000
__Ltext21                                 text21       000000
__Ltext22                                 text22       000000
__Ltext23                                 text23       000000
__Ltext24                                 text24       000000
__Ltext25                                 text25       000000
__Ltext26                                 text26       000000
__Ltext27                                 text27       000000
__Ltext28                                 text28       000000
__Ltext29                                 text29       000000
__Ltext3                                  text3        000000
__Ltext30                                 text30       000000
__Ltext31                                 text31       000000
__Ltext32                                 text32       000000
__Ltext33                                 text33       000000
__Ltext34                                 text34       000000
__Ltext35                                 text35       000000
__Ltext36                                 text36       000000
__Ltext37                                 text37       000000
__Ltext38                                 text38       000000
__Ltext39                                 text39       000000
__Ltext4                                  text4        000000
__Ltext40                                 text40       000000
__Ltext41                                 text41       000000
__Ltext42                                 text42       000000
__Ltext43                                 text43       000000
__Ltext44                                 text44       000000
__Ltext45                                 text45       000000
__Ltext46                                 text46       000000
__Ltext47                                 text47       000000
__Ltext48                                 text48       000000
__Ltext49                                 text49       000000
__Ltext5                                  text5        000000
__Ltext50                                 text50       000000
__Ltext51                                 text51       000000
__Ltext52                                 text52       000000
__Ltext53                                 text53       000000
__Ltext54                                 text54       000000
__Ltext55                                 text55       000000
__Ltext56                                 text56       000000
__Ltext57                                 text57       000000
__Ltext58                                 text58       000000
__Ltext59                                 text59       000000
__Ltext6                                  text6        000000
__Ltext60                                 text60       000000
__Ltext61                                 text61       000000
__Ltext62                                 text62       000000
__Ltext63                                 text63       000000
__Ltext64                                 text64       000000
__Ltext65                                 text65       000000
__Ltext66                                 text66       000000
__Ltext67                                 text67       000000
__Ltext68                                 text68       000000
__Ltext69                                 text69       000000
__Ltext7                                  text7        000000
__Ltext70                                 text70       000000
__Ltext71                                 text71       000000
__Ltext72                                 text72       000000
__Ltext73                                 text73       000000
__Ltext74                                 text74       000000
__Ltext75                                 text75       000000
__Ltext76                                 text76       000000
__Ltext77                                 text77       000000
__Ltext78                                 text78       000000
__Ltext79                                 text79       000000
__Ltext8                                  text8        000000
__Ltext80                                 text80       000000
__Ltext81                                 text81       000000
__Ltext82                                 text82       000000
__Ltext83                                 text83       000000
__Ltext84                                 text84       000000
__Ltext85                                 text85       000000
__Ltext86                                 text86       000000
__Ltext87                                 text87       000000
__Ltext88                                 text88       000000
__Ltext89                                 text89       000000
__Ltext9                                  text9        000000
__Ltext90                                 text90       000000
__Ltext91                                 text91       000000
__Ltext92                                 text92       000000
__Ltext93                                 text93       000000
__Ltext94                                 text94       000000
__Ltext95                                 text95       000000
__Ltext96                                 text96       000000
__Ltext97                                 text97       000000
__Ltext98                                 text98       000000
__Ltext99                                 text99       000000
__S0                                      (abs)        010000
__S1                                      (abs)        0006B9
__S4                                      (abs)        000000
__S5                                      (abs)        000000
___heap_hi                                (abs)        000000
___heap_lo                                (abs)        000000
___inthi_sp                               stack        000000
___inthi_stack_hi                         stack        000000
___inthi_stack_lo                         stack        000000
___intlo_sp                               stack        000000
___intlo_stack_hi                         stack        000000
___intlo_stack_lo                         stack        000000
___lldiv                                  text82       007E86
___lldiv@counter                          cstackBANK0  00006C
___lldiv@dividend                         cstackBANK0  000060
___lldiv@divisor                          cstackBANK0  000064
___lldiv@quotient                         cstackBANK0  000068
___lmul                                   text60       00840E
___lmul@multiplicand                      cstackBANK0  000064
___lmul@multiplier                        cstackBANK0  000060
___lmul@product                           cstackBANK0  000068
___lwdiv                                  text3        0081D6
___lwdiv@counter                          cstackBANK0  000064
___lwdiv@dividend                         cstackBANK0  000060
___lwdiv@divisor                          cstackBANK0  000062
___lwdiv@quotient                         cstackBANK0  000065
___param_bank                             (abs)        000000
___rparam_used                            (abs)        000001
___sp                                     stack        000000
___stack_hi                               stack        000000
___stack_lo                               stack        000000
__accesstop                               (abs)        000060
__activetblptr                            (abs)        000003
__end_of_ADCC_Initialize                  text91       008674
__end_of_BLUE_LED_OFF                     text105      008D28
__end_of_BLUE_LED_ON                      text104      008D24
__end_of_BLUE_LED_TOGGLE                  text35       008D04
__end_of_ExCvt                            mediumconst  00FF49
__end_of_GREEN_LED_OFF                    text103      008D20
__end_of_GREEN_LED_ON                     text102      008D1C
__end_of_OSCILLATOR_Initialize            text89       008CA0
__end_of_PIN_MANAGER_Initialize           text88       0086D4
__end_of_PMD_Initialize                   text87       008BB2
__end_of_RED_LED_OFF                      text101      008D18
__end_of_RED_LED_ON                       text100      008D14
__end_of_RED_LED_TOGGLE                   text41       008D08
__end_of_SDFAST_open                      text77       008CF2
__end_of_SDSLOW_open                      text78       008CFA
__end_of_SD_SPI_AsyncReadTasks            text71       004B78
__end_of_SD_SPI_AsyncWriteTasks           text67       002DF4
__end_of_SD_SPI_DelayMilliseconds         text61       0083A2
__end_of_SD_SPI_IsMediaInitialized        text57       008CB6
__end_of_SD_SPI_IsMediaPresent            text56       008D10
__end_of_SD_SPI_IsWriteProtected          text55       008D0C
__end_of_SD_SPI_MediaInitialize           text59       001F40
__end_of_SD_SPI_SectorRead                text69       007020
__end_of_SD_SPI_SectorWrite               text66       006EDE
__end_of_SD_SendCmd                       text74       003E0A
__end_of_SET_ACCEL_I2C_ADDR               text90       008C6E
__end_of_SPI1_Close                       text70       008D00
__end_of_SPI1_ExchangeBlock               text73       007E86
__end_of_SPI1_ExchangeByte                text76       008B68
__end_of_SPI1_Initialize                  text86       008C88
__end_of_SPI1_Open                        text79       0079C2
__end_of_SYSTEM_Initialize                text85       008CC8
__end_of___lldiv                          text82       007F2C
__end_of___lmul                           text60       00847A
__end_of___lwdiv                          text3        00824C
__end_of__initialization                  cinit        008408
__end_of_build_board_stat_msg             text39       0075CA
__end_of_can_generate_timing_params       text84       006316
__end_of_can_handle_interrupt             text94       006122
__end_of_can_init                         text83       006802
__end_of_can_msg_handler                  text96       007D22
__end_of_can_send                         text38       0074C2
__end_of_check_fs                         text62       006C44
__end_of_chk_chr                          text15       0082C0
__end_of_clst2sect                        text22       007B7E
__end_of_create_chain                     text23       0033E0
__end_of_create_name                      text12       0042B4
__end_of_dbc_1st                          text14       008CE0
__end_of_dbc_2nd                          text13       008CD4
__end_of_dir_alloc                        text18       006AE4
__end_of_dir_clear                        text21       006D9C
__end_of_dir_find                         text11       006688
__end_of_dir_next                         text20       004726
__end_of_dir_register                     text16       0078D4
__end_of_dir_sdi                          text19       005392
__end_of_disk_initialize                  text58       008928
__end_of_disk_ioctl                       text32       008BD4
__end_of_disk_read                        text68       00854A
__end_of_disk_status                      text54       008334
__end_of_disk_write                       text65       0084E2
__end_of_f_close                          text26       0087E2
__end_of_f_mount                          text50       007AA2
__end_of_f_open                           text7        00272E
__end_of_f_sync                           text27       005F28
__end_of_f_write                          text6        001724
__end_of_find_volume                      text51       000ED2
__end_of_follow_path                      text9        005646
__end_of_fxls_get_prod_rev                text45       008C50
__end_of_fxls_get_whoami                  text44       008C32
__end_of_fxls_init                        text42       007286
__end_of_get_board_unique_id              text99       008BF6
__end_of_get_fat                          text25       004F90
__end_of_get_ldnumber                     text53       006974
__end_of_get_message_type                 text98       0089E4
__end_of_get_reset_board_id               text97       0088E0
__end_of_i2c_init                         text49       008AF6
__end_of_i2c_read                         text48       0077D2
__end_of_i2c_read_reg8                    text46       0085B0
__end_of_i2c_write                        text47       0076CE
__end_of_i2c_write_reg8                   text43       008B42
__end_of_interrupt_handler                text92       008838
__end_of_ld_clust                         text10       00804E
__end_of_ld_dword                         text52       007DE0
__end_of_ld_word                          text81       0089A8
__end_of_main                             text0        005AC4
__end_of_mem_cmp                          text80       007FC4
__end_of_mem_cpy                          text17       0081D6
__end_of_mem_set                          text31       008A1E
__end_of_memcpy                           text75       008730
__end_of_memset                           text72       008612
__end_of_millis                           text37       008B1C
__end_of_move_window                      text63       007C52
__end_of_put_fat                          text24       003904
__end_of_remove_chain                     text8        005888
__end_of_sdmmc_cmdtable                   mediumconst  00FF99
__end_of_send_status_err                  text36       00896A
__end_of_send_status_ok                   text5        00715A
__end_of_spi1_configuration               mediumconst  00FFD0
__end_of_spiMaster                        mediumconst  00FFC1
__end_of_srb_init                         text2        008156
__end_of_st_clust                         text33       00888C
__end_of_st_dword                         text30       0080D4
__end_of_st_word                          text34       008AC6
__end_of_sync_fs                          text29       005CFE
__end_of_sync_window                      text64       0064E0
__end_of_timer0_handle_interrupt          text93       008B8E
__end_of_timer0_init                      text4        008C14
__end_of_txb_init                         text1        008A90
__end_of_validate                         text28       0073B0
__end_of_write_timestamp_3bytes           text40       008A58
__end_ofi2_memcpy                         text95       00878A
__initialization                          cinit        0083A2
__mediumconst                             mediumconst  00FEC8
__pbssBANK1                               bssBANK1     0001B3
__pbssBANK2                               bssBANK2     000200
__pbssBIGRAM                              bssBIGRAM    000264
__pbssCOMRAM                              bssCOMRAM    00002D
__pcinit                                  cinit        0083A2
__pcstackBANK0                            cstackBANK0  000060
__pcstackBANK1                            cstackBANK1  000100
__pcstackCOMRAM                           cstackCOMRAM 000001
__pdataCOMRAM                             dataCOMRAM   00004F
__pidataCOMRAM                            idataCOMRAM  008CE0
__pivt0x8                                 ivt0x8       000008
__pmediumconst                            mediumconst  00FEC8
__ptext0                                  text0        005888
__ptext1                                  text1        008A58
__ptext10                                 text10       007FC4
__ptext100                                text100      008D10
__ptext101                                text101      008D14
__ptext102                                text102      008D18
__ptext103                                text103      008D1C
__ptext104                                text104      008D20
__ptext105                                text105      008D24
__ptext11                                 text11       0064E0
__ptext12                                 text12       003E0A
__ptext13                                 text13       008CC8
__ptext14                                 text14       008CD4
__ptext15                                 text15       00824C
__ptext16                                 text16       0077D2
__ptext17                                 text17       008156
__ptext18                                 text18       006974
__ptext19                                 text19       004F90
__ptext2                                  text2        0080D4
__ptext20                                 text20       0042B4
__ptext21                                 text21       006C44
__ptext22                                 text22       007AA2
__ptext23                                 text23       002DF4
__ptext24                                 text24       0033E0
__ptext25                                 text25       004B78
__ptext26                                 text26       00878A
__ptext27                                 text27       005CFE
__ptext28                                 text28       007286
__ptext29                                 text29       005AC4
__ptext3                                  text3        0081D6
__ptext30                                 text30       00804E
__ptext31                                 text31       0089E4
__ptext32                                 text32       008BB2
__ptext33                                 text33       008838
__ptext34                                 text34       008A90
__ptext35                                 text35       008D00
__ptext36                                 text36       008928
__ptext37                                 text37       008AF6
__ptext38                                 text38       0073B0
__ptext39                                 text39       0074C2
__ptext4                                  text4        008BF6
__ptext40                                 text40       008A1E
__ptext41                                 text41       008D04
__ptext42                                 text42       00715A
__ptext43                                 text43       008B1C
__ptext44                                 text44       008C14
__ptext45                                 text45       008C32
__ptext46                                 text46       00854A
__ptext47                                 text47       0075CA
__ptext48                                 text48       0076CE
__ptext49                                 text49       008AC6
__ptext5                                  text5        007020
__ptext50                                 text50       0079C2
__ptext51                                 text51       00001E
__ptext52                                 text52       007D22
__ptext53                                 text53       006802
__ptext54                                 text54       0082C0
__ptext55                                 text55       008D08
__ptext56                                 text56       008D0C
__ptext57                                 text57       008CA0
[...]
f_mount@opt                               cstackBANK0  0000EB
f_mount@path                              cstackBANK0  0000E9
f_mount@res                               cstackBANK0  0000EC
f_mount@rp                                cstackBANK0  0000ED
f_mount@vol                               cstackBANK0  0000F1
f_open@bcs                                cstackBANK1  000156
f_open@cl                                 cstackBANK1  00015A
f_open@clst                               cstackBANK1  000162
f_open@dj                                 cstackBANK1  000169
f_open@dw                                 cstackBANK1  00014E
f_open@fp                                 cstackBANK1  000141
f_open@fs                                 cstackBANK1  000166
f_open@mode                               cstackBANK1  000145
f_open@ofs                                cstackBANK1  00015E
f_open@path                               cstackBANK1  000143
f_open@res                                cstackBANK1  000168
f_open@sc                                 cstackBANK1  000152
f_sync@dir                                cstackBANK0  0000D6
f_sync@fp                                 cstackBANK0  0000D3
f_sync@fs                                 cstackBANK0  0000D8
f_sync@res                                cstackBANK0  0000D5
f_write@btw                               cstackBANK1  00011B
f_write@buff                              cstackBANK1  000119
f_write@bw                                cstackBANK1  00011D
f_write@cc                                cstackBANK1  000134
f_write@clst                              cstackBANK1  00013A
f_write@csect                             cstackBANK1  000132
f_write@fp                                cstackBANK1  000117
f_write@fs                                cstackBANK1  000140
f_write@res                               cstackBANK1  000131
f_write@sect                              cstackBANK1  000136
f_write@wbuff                             cstackBANK1  00012F
f_write@wcnt                              cstackBANK1  00013E
find_volume@br                            cstackBANK1  000100
find_volume@bsect                         cstackBANK1  000131
find_volume@fasize                        cstackBANK1  00012D
find_volume@fmt                           cstackBANK1  000137
find_volume@fs                            cstackBANK1  000138
find_volume@i                             cstackBANK1  000135
find_volume@mode                          cstackBANK0  0000DE
find_volume@nclst                         cstackBANK1  000129
find_volume@nrsv                          cstackBANK1  000122
find_volume@path                          cstackBANK0  0000DA
find_volume@pt                            cstackBANK1  00011A
find_volume@rfs                           cstackBANK0  0000DC
find_volume@stat                          cstackBANK1  000128
find_volume@sysect                        cstackBANK1  00011C
find_volume@szbfat                        cstackBANK1  000116
find_volume@tsect                         cstackBANK1  000124
find_volume@vol                           cstackBANK1  000120
follow_path@dp                            cstackBANK1  000133
follow_path@fs                            cstackBANK1  00013D
follow_path@ns                            cstackBANK1  00013F
follow_path@path                          cstackBANK1  000135
follow_path@res                           cstackBANK1  000140
fxls_get_prod_rev@res                     cstackBANK0  00006C
fxls_get_whoami@res                       cstackBANK0  00006C
fxls_init@buf_config1                     cstackBANK0  000070
fxls_init@int_en                          cstackBANK0  000071
fxls_init@int_pin_sel                     cstackBANK0  000072
fxls_init@sens_config1                    cstackBANK0  00006F
fxls_init@sens_config2                    cstackBANK0  000074
fxls_init@sens_config3                    cstackBANK0  000073
fxls_init@sens_config4                    cstackBANK0  00006E
fxls_init@sys_mode                        cstackBANK0  000075
get_board_unique_id@msg                   cstackCOMRAM 000001
get_fat@bc                                cstackBANK0  0000E9
get_fat@clst                              cstackBANK0  0000D5
get_fat@fs                                cstackBANK0  0000EB
get_fat@obj                               cstackBANK0  0000D3
get_fat@val                               cstackBANK0  0000E5
get_fat@wc                                cstackBANK0  0000E3
get_ldnumber@i                            cstackBANK0  000064
get_ldnumber@path                         cstackBANK0  000060
get_ldnumber@tc                           cstackBANK0  000066
get_ldnumber@tp                           cstackBANK0  00006B
get_ldnumber@tt                           cstackBANK0  000067
get_ldnumber@vol                          cstackBANK0  000069
get_message_type@msg                      cstackCOMRAM 000001
get_reset_board_id@msg                    cstackCOMRAM 000005
get_reset_board_id@msg_type               cstackCOMRAM 000008
i2_memcpy                                 text95       008730
i2c_init@clkdiv                           cstackBANK0  000060
i2c_read@address                          cstackBANK0  000063
i2c_read@data                             cstackBANK0  000060
i2c_read@len                              cstackBANK0  000061
i2c_read@timeout                          cstackBANK0  000064
i2c_read_reg8@address                     cstackBANK0  000069
i2c_read_reg8@data                        cstackBANK0  00006B
i2c_read_reg8@reg                         cstackBANK0  000066
i2c_read_reg8@success                     cstackBANK0  00006A
i2c_read_reg8@value                       cstackBANK0  000067
i2c_write@address                         cstackBANK0  000063
i2c_write@data                            cstackBANK0  000060
i2c_write@len                             cstackBANK0  000061
i2c_write@timeout                         cstackBANK0  000064
i2c_write_reg8@address                    cstackBANK0  000068
i2c_write_reg8@data                       cstackBANK0  000069
i2c_write_reg8@reg                        cstackBANK0  000066
i2c_write_reg8@val                        cstackBANK0  000067
i2memcpy@d                                cstackCOMRAM 000007
i2memcpy@d1                               cstackCOMRAM 000001
i2memcpy@n                                cstackCOMRAM 000005
i2memcpy@s                                cstackCOMRAM 000009
i2memcpy@s1                               cstackCOMRAM 000003
i2memcpy@tmp                              cstackCOMRAM 00000B
intlevel0                                 text         000000
intlevel1                                 text         000000
intlevel2                                 text         000000
intlevel3                                 text         000000
isa$std                                   (abs)        000001
isa$xinst                                 (abs)        000000
ivt0x8_base                               ivt0x8       000008
ld_clust@cl                               cstackBANK0  00006F
ld_clust@dir                              cstackBANK0  000069
ld_clust@fs                               cstackBANK0  000067
ld_dword@ptr                              cstackBANK0  000060
ld_dword@rv                               cstackBANK0  000069
ld_word@ptr                               cstackBANK0  000060
ld_word@rv                                cstackBANK0  000065
main@can_setup                            cstackBANK1  0001AC
main@last_status_millis                   cstackBANK1  0001A8
mem_cmp@cnt                               cstackBANK0  000064
mem_cmp@d                                 cstackBANK0  000068
mem_cmp@dst                               cstackBANK0  000060
mem_cmp@r                                 cstackBANK0  00006C
mem_cmp@s                                 cstackBANK0  00006A
mem_cmp@src                               cstackBANK0  000062
mem_cpy@cnt                               cstackBANK0  000064
mem_cpy@d                                 cstackBANK0  000066
mem_cpy@dst                               cstackBANK0  000060
mem_cpy@s                                 cstackBANK0  000068
mem_cpy@src                               cstackBANK0  000062
mem_set@cnt                               cstackBANK0  000064
mem_set@d                                 cstackBANK0  000066
mem_set@dst                               cstackBANK0  000060
mem_set@val                               cstackBANK0  000062
memcpy@d                                  cstackBANK0  000067
memcpy@d1                                 cstackBANK0  000060
memcpy@n                                  cstackBANK0  000064
memcpy@s                                  cstackBANK0  000069
memcpy@s1                                 cstackBANK0  000062
memcpy@tmp                                cstackBANK0  000066
memset@c                                  cstackBANK0  000062
memset@dest                               cstackBANK0  000060
memset@n                                  cstackBANK0  000064
memset@p                                  cstackBANK0  000066
millis@res                                cstackBANK0  000064
move_window@fs                            cstackBANK0  0000C8
move_window@res                           cstackBANK0  0000D2
move_window@sector                        cstackBANK0  0000CA
put_fat@bc                                cstackBANK0  0000F1
put_fat@clst                              cstackBANK0  0000D5
put_fat@fs                                cstackBANK0  0000D3
put_fat@p                                 cstackBANK0  0000EF
put_fat@res                               cstackBANK0  0000F3
put_fat@val                               cstackBANK0  0000D9
remove_chain@clst                         cstackBANK0  0000F6
remove_chain@fs                           cstackBANK1  00010D
remove_chain@nxt                          cstackBANK1  000108
remove_chain@obj                          cstackBANK0  0000F4
remove_chain@pclst                        cstackBANK0  0000FA
remove_chain@res                          cstackBANK1  00010C
send_status_err@board_stat_msg            cstackBANK0  000077
send_status_ok@board_stat_msg             cstackBANK1  000199
send_status_ok@buf                        cstackBANK1  000191
send_status_ok@time                       cstackBANK1  000195
srb_init@ctx                              cstackBANK0  000067
srb_init@element_size                     cstackBANK0  00006D
srb_init@pool                             cstackBANK0  000069
srb_init@pool_size                        cstackBANK0  00006B
st_clust@cl                               cstackBANK0  000068
st_clust@dir                              cstackBANK0  000066
st_clust@fs                               cstackBANK0  000064
st_dword@ptr                              cstackBANK0  000060
st_dword@val                              cstackBANK0  000062
st_word@ptr                               cstackBANK0  000060
st_word@val                               cstackBANK0  000062
stackhi                                   (abs)        000000
stacklo                                   (abs)        000000
start                                     init         00001A
start_initialization                      cinit        0083A2
sync_fs@fs                                cstackBANK0  0000C8
sync_fs@res                               cstackBANK0  0000D2
sync_window@fs                            cstackBANK0  0000B5
sync_window@res                           cstackBANK0  0000C7
timer0_handle_interrupt@internal_count    bssCOMRAM    00004E
txb_init@can_send_fp                      cstackBANK0  000073
txb_init@can_tx_ready                     cstackBANK0  000075
txb_init@pool                             cstackBANK0  00006F
txb_init@pool_size                        cstackBANK0  000071
validate@obj                              cstackBANK0  000062
validate@res                              cstackBANK0  00006C
validate@rfs                              cstackBANK0  000064
write_timestamp_3bytes@output             cstackBANK0  000064
write_timestamp_3bytes@timestamp          cstackBANK0  000060


MODULE INFORMATION

Module		Function		Class		Link	Load	Size
mcc_generated_files/fatfs/ff.c
		_clst2sect     		CODE           	7AA2	0000	220
		_mem_cpy       		CODE           	8156	0000	128
		_find_volume   		CODE           	001E	0000	3764
		_dir_clear     		CODE           	6C44	0000	344
		_ld_dword      		CODE           	7D22	0000	190
		_remove_chain  		CODE           	5646	0000	578
		_f_mount       		CODE           	79C2	0000	224
		_get_fat       		CODE           	4B78	0000	1048
		_st_word       		CODE           	8A90	0000	54
		_get_ldnumber  		CODE           	6802	0000	370
		_st_clust      		CODE           	8838	0000	84
		_create_name   		CODE           	3E0A	0000	1194
		_chk_chr       		CODE           	824C	0000	116
		_create_chain  		CODE           	2DF4	0000	1516
		_dbc_1st       		CODE           	8CD4	0000	12
		_validate      		CODE           	7286	0000	298
		_check_fs      		CODE           	6AE4	0000	352
		_f_sync        		CODE           	5CFE	0000	554
		_st_dword      		CODE           	804E	0000	134
		_f_write       		CODE           	0ED2	0000	2130
		_mem_set       		CODE           	89E4	0000	58
		_dir_alloc     		CODE           	6974	0000	368
		_put_fat       		CODE           	33E0	0000	1316
		_sync_fs       		CODE           	5AC4	0000	570
		_dir_next      		CODE           	42B4	0000	1138
		_sync_window   		CODE           	6316	0000	458
		_dir_register  		CODE           	77D2	0000	258
		_ld_word       		CODE           	896A	0000	62
		_dir_find      		CODE           	64E0	0000	424
		_f_open        		CODE           	1F40	0000	2030
		_mem_cmp       		CODE           	7F2C	0000	152
		_f_close       		CODE           	878A	0000	88
		_dir_sdi       		CODE           	4F90	0000	1026
		_follow_path   		CODE           	5392	0000	692
		_dbc_2nd       		CODE           	8CC8	0000	12
		_ld_clust      		CODE           	7FC4	0000	138
		_move_window   		CODE           	7B7E	0000	212

mcc_generated_files/fatfs/ff.c estimated size: 22312

canlib/pic18f26k83/pic18f26k83_can.c
		_can_init      		CODE           	6688	0000	378
		_can_send      		CODE           	73B0	0000	274
		_can_handle_interrupt		CODE           	5F28	0000	506

canlib/pic18f26k83/pic18f26k83_can.c estimated size: 1158

canlib/util/can_tx_buffer.c
		_txb_init      		CODE           	8A58	0000	56

canlib/util/can_tx_buffer.c estimated size: 56

C:\Program Files\Microchip\xc8\v2.46\pic\sources\c99\common\lwdiv.c
		___lwdiv       		CODE           	81D6	0000	118

C:\Program Files\Microchip\xc8\v2.46\pic\sources\c99\common\lwdiv.c estimated size: 118

canlib/util/timing_util.c
		_can_generate_timing_params		CODE           	6122	0000	500

canlib/util/timing_util.c estimated size: 500

mcc_generated_files/pin_manager.c
		_PIN_MANAGER_Initialize		CODE           	8674	0000	96

mcc_generated_files/pin_manager.c estimated size: 96

rocketlib/pic18f26k83/i2c.c
		_i2c_write     		CODE           	75CA	0000	260
		_i2c_read      		CODE           	76CE	0000	260
		_i2c_write_reg8		CODE           	8B1C	0000	38
		_i2c_init      		CODE           	8AC6	0000	48
		_i2c_read_reg8 		CODE           	854A	0000	102

rocketlib/pic18f26k83/i2c.c estimated size: 708

mcc_generated_files/spi1.c
		_SPI1_ExchangeBlock		CODE           	7DE0	0000	166
		_SPI1_Open     		CODE           	78D4	0000	238
		_SPI1_Initialize		CODE           	8C6E	0000	26
		_SPI1_Close    		CODE           	8CFA	0000	6
		_SPI1_ExchangeByte		CODE           	8B42	0000	38

mcc_generated_files/spi1.c estimated size: 474

C:\Program Files\Microchip\xc8\v2.46\pic\sources\c99\common\memset.c
		_memset        		CODE           	85B0	0000	98

C:\Program Files\Microchip\xc8\v2.46\pic\sources\c99\common\memset.c estimated size: 98

adcc.c
		_ADCC_Initialize		CODE           	8612	0000	98

adcc.c estimated size: 98

mcc_generated_files/fatfs/diskio.c
		_disk_initialize		CODE           	88E0	0000	72
		_disk_write    		CODE           	847A	0000	104
		_disk_status   		CODE           	82C0	0000	116
		_disk_ioctl    		CODE           	8BB2	0000	34
		_disk_read     		CODE           	84E2	0000	104

mcc_generated_files/fatfs/diskio.c estimated size: 430

fxls8974cf.c
		_fxls_get_whoami		CODE           	8C14	0000	30
		_fxls_init     		CODE           	715A	0000	300
		_fxls_get_prod_rev		CODE           	8C32	0000	30

fxls8974cf.c estimated size: 360

canlib/util/safe_ring_buffer.c
		_srb_init      		CODE           	80D4	0000	130

canlib/util/safe_ring_buffer.c estimated size: 130

./common.h
		_RED_LED_ON    		CODE           	8D10	0000	4
		_RED_LED_OFF   		CODE           	8D14	0000	4
		_RED_LED_TOGGLE		CODE           	8D04	0000	4
		_BLUE_LED_TOGGLE		CODE           	8D00	0000	4
		_GREEN_LED_ON  		CODE           	8D18	0000	4
		_GREEN_LED_OFF 		CODE           	8D1C	0000	4
		_BLUE_LED_ON   		CODE           	8D20	0000	4
		_BLUE_LED_OFF  		CODE           	8D24	0000	4

./common.h estimated size: 32

mcc_generated_files/drivers/spi_master.c
		_SDSLOW_open   		CODE           	8CF2	0000	8
		_SDFAST_open   		CODE           	8CEA	0000	8

mcc_generated_files/drivers/spi_master.c estimated size: 16

shared
		_ExCvt         		MEDIUMCONST    	FEC9	0000	128
		__initialization		CODE           	83A2	0000	102
		_sdmmc_cmdtable		MEDIUMCONST    	FF49	0000	80
		_spiMaster     		MEDIUMCONST    	FF99	0000	40
		_spi1_configuration		MEDIUMCONST    	FFC1	0000	15
		i2_memcpy      		CODE           	8730	0000	90

shared estimated size: 455

C:\Program Files\Microchip\xc8\v2.46\pic\sources\c99\common\__lldiv.c
		___lldiv       		CODE           	7E86	0000	166

C:\Program Files\Microchip\xc8\v2.46\pic\sources\c99\common\__lldiv.c estimated size: 166

mcc_generated_files/mcc.c
		_PMD_Initialize		CODE           	8B8E	0000	36
		_OSCILLATOR_Initialize		CODE           	8C88	0000	24
		_SYSTEM_Initialize		CODE           	8CB6	0000	18

mcc_generated_files/mcc.c estimated size: 78

C:\Program Files\Microchip\xc8\v2.46\pic\sources\c99\common\memcpy.c
		_memcpy        		CODE           	86D4	0000	92

C:\Program Files\Microchip\xc8\v2.46\pic\sources\c99\common\memcpy.c estimated size: 92

canlib/pic18f26k83/pic18f26k83_timer.c
		_millis        		CODE           	8AF6	0000	38
		_timer0_handle_interrupt		CODE           	8B68	0000	38
		_timer0_init   		CODE           	8BF6	0000	30

canlib/pic18f26k83/pic18f26k83_timer.c estimated size: 106

canlib/can_common.c
		_get_board_unique_id		CODE           	8BD4	0000	34
		_write_timestamp_3bytes		CODE           	8A1E	0000	58
		_build_board_stat_msg		CODE           	74C2	0000	264
		_get_message_type		CODE           	89A8	0000	60
		_get_reset_board_id		CODE           	888C	0000	84

canlib/can_common.c estimated size: 500

main.c
		_send_status_err		CODE           	8928	0000	66
		_main          		CODE           	5888	0000	572
		_SET_ACCEL_I2C_ADDR		CODE           	8C50	0000	30
		_send_status_ok		CODE           	7020	0000	314
		_can_msg_handler		CODE           	7C52	0000	208
		_interrupt_handler		CODE           	87E2	0000	86

main.c estimated size: 1276

C:\Program Files\Microchip\xc8\v2.46\pic\sources\c99\common\Umul32.c
		___lmul        		CODE           	840E	0000	108

C:\Program Files\Microchip\xc8\v2.46\pic\sources\c99\common\Umul32.c estimated size: 108

mcc_generated_files/sd_spi/sd_spi.c
		_SD_SPI_IsWriteProtected		CODE           	8D08	0000	4
		_SD_SPI_IsMediaInitialized		CODE           	8CA0	0000	22
		_SD_SPI_DelayMilliseconds		CODE           	8334	0000	110
		_SD_SPI_IsMediaPresent		CODE           	8D0C	0000	4
		_SD_SPI_SectorWrite		CODE           	6D9C	0000	322
		_SD_SPI_MediaInitialize		CODE           	1724	0000	2076
		_SD_SendCmd    		CODE           	3904	0000	1286
		_SD_SPI_AsyncReadTasks		CODE           	4726	0000	1106
		_SD_SPI_AsyncWriteTasks		CODE           	272E	0000	1734
		_SD_SPI_SectorRead		CODE           	6EDE	0000	322

mcc_generated_files/sd_spi/sd_spi.c estimated size: 6986

